Archive member included to satisfy reference by file (symbol)

.\CortexM3\ARM_GCC_541\Debug\BioLock.a(UART.o)
                              .\CortexM3\ARM_GCC_541\Debug\main.o (UART_Start)
.\CortexM3\ARM_GCC_541\Debug\BioLock.a(I2C.o)
                              .\CortexM3\ARM_GCC_541\Debug\main.o (I2C_Start)
.\CortexM3\ARM_GCC_541\Debug\BioLock.a(I2C_INT.o)
                              .\CortexM3\ARM_GCC_541\Debug\BioLock.a(I2C.o) (I2C_ISR)
.\CortexM3\ARM_GCC_541\Debug\BioLock.a(I2C_PM.o)
                              .\CortexM3\ARM_GCC_541\Debug\BioLock.a(I2C.o) (I2C_backup)
.\CortexM3\ARM_GCC_541\Debug\BioLock.a(I2C_MASTER.o)
                              .\CortexM3\ARM_GCC_541\Debug\main.o (I2C_MasterWriteBuf)
.\CortexM3\ARM_GCC_541\Debug\BioLock.a(MotorCLK.o)
                              .\CortexM3\ARM_GCC_541\Debug\main.o (MotorCLK_Start)
.\CortexM3\ARM_GCC_541\Debug\BioLock.a(MotorTimer.o)
                              .\CortexM3\ARM_GCC_541\Debug\main.o (MotorTimer_Start)
.\CortexM3\ARM_GCC_541\Debug\BioLock.a(MotorISR.o)
                              .\CortexM3\ARM_GCC_541\Debug\main.o (MotorISR_Start)
.\CortexM3\ARM_GCC_541\Debug\BioLock.a(ENCISR.o)
                              .\CortexM3\ARM_GCC_541\Debug\main.o (mPos)
.\CortexM3\ARM_GCC_541\Debug\BioLock.a(DebounceCLK.o)
                              .\CortexM3\ARM_GCC_541\Debug\main.o (DebounceCLK_Start)
.\CortexM3\ARM_GCC_541\Debug\BioLock.a(CycleISR.o)
                              .\CortexM3\ARM_GCC_541\Debug\main.o (FPSmPos)
.\CortexM3\ARM_GCC_541\Debug\BioLock.a(ConfirmISR.o)
                              .\CortexM3\ARM_GCC_541\Debug\main.o (ConfirmISR_Start)
.\CortexM3\ARM_GCC_541\Debug\BioLock.a(OverwriteISR.o)
                              .\CortexM3\ARM_GCC_541\Debug\main.o (OverwriteISR_Start)
.\CortexM3\ARM_GCC_541\Debug\BioLock.a(ForwardISR.o)
                              .\CortexM3\ARM_GCC_541\Debug\main.o (ForwardISR_Start)
.\CortexM3\ARM_GCC_541\Debug\BioLock.a(BackISR.o)
                              .\CortexM3\ARM_GCC_541\Debug\main.o (BackISR_Start)
.\CortexM3\ARM_GCC_541\Debug\BioLock.a(Solenoid.o)
                              .\CortexM3\ARM_GCC_541\Debug\BioLock.a(ConfirmISR.o) (Solenoid_Write)
.\CortexM3\ARM_GCC_541\Debug\BioLock.a(UART_IntClock.o)
                              .\CortexM3\ARM_GCC_541\Debug\BioLock.a(UART.o) (UART_IntClock_Start)
.\CortexM3\ARM_GCC_541\Debug\BioLock.a(CyLib.o)
                              .\CortexM3\ARM_GCC_541\Debug\Cm3Start.o (CyHalt)
.\CortexM3\ARM_GCC_541\Debug\BioLock.a(cyPm.o)
                              .\CortexM3\ARM_GCC_541\Debug\BioLock.a(CyLib.o) (CyPmReadStatus)
.\CortexM3\ARM_GCC_541\Debug\BioLock.a(LCD_I2C_FUNCS.o)
                              .\CortexM3\ARM_GCC_541\Debug\main.o (LCD_I2C_print)
.\CortexM3\ARM_GCC_541\Debug\BioLock.a(ICPCK_ISR.o)
                              .\CortexM3\ARM_GCC_541\Debug\main.o (ICPCK_ISR_Start)
.\CortexM3\ARM_GCC_541\Debug\BioLock.a(ICPCK.o)
                              .\CortexM3\ARM_GCC_541\Debug\FPS_Utils.o (ICPCK_Read)
.\CortexM3\ARM_GCC_541\Debug\BioLock.a(CyBootAsmGnu.o)
                              .\CortexM3\ARM_GCC_541\Debug\cyfitter_cfg.o (CyDelayCycles)
.\CortexM3\ARM_GCC_541\Debug\BioLock.a(Motor.o)
                              .\CortexM3\ARM_GCC_541\Debug\BioLock.a(MotorISR.o) (Motor_Write)
.\CortexM3\ARM_GCC_541\Debug\BioLock.a(ENC.o)
                              .\CortexM3\ARM_GCC_541\Debug\BioLock.a(ENCISR.o) (ENC_Read)
.\CortexM3\ARM_GCC_541\Debug\BioLock.a(CyFlash.o)
                              .\CortexM3\ARM_GCC_541\Debug\BioLock.a(cyPm.o) (CyFlash_SetWaitCycles)
.\CortexM3\ARM_GCC_541\Debug\BioLock.a(CySpc.o)
                              .\CortexM3\ARM_GCC_541\Debug\BioLock.a(CyFlash.o) (CySpcStart)
.\CortexM3\ARM_GCC_541\Debug\BioLock.a(LCD_I2C_LL_I2C.o)
                              .\CortexM3\ARM_GCC_541\Debug\BioLock.a(LCD_I2C_FUNCS.o) (LCD_I2C_writeByte)
c:/program files (x86)/cypress/psoc creator/4.2/psoc creator/import/gnu/arm/5.4.1/bin/../lib/gcc/arm-none-eabi/5.4.1/../../../../arm-none-eabi/lib/armv7-m\libg_nano.a(lib_a-errno.o)
                              .\CortexM3\ARM_GCC_541\Debug\Cm3Start.o (__errno)
c:/program files (x86)/cypress/psoc creator/4.2/psoc creator/import/gnu/arm/5.4.1/bin/../lib/gcc/arm-none-eabi/5.4.1/../../../../arm-none-eabi/lib/armv7-m\libg_nano.a(lib_a-exit.o)
                              c:/program files (x86)/cypress/psoc creator/4.2/psoc creator/import/gnu/arm/5.4.1/bin/../lib/gcc/arm-none-eabi/5.4.1/../../../../arm-none-eabi/lib/armv7-m/crt0.o (exit)
c:/program files (x86)/cypress/psoc creator/4.2/psoc creator/import/gnu/arm/5.4.1/bin/../lib/gcc/arm-none-eabi/5.4.1/../../../../arm-none-eabi/lib/armv7-m\libg_nano.a(lib_a-impure.o)
[...]
Memory Configuration

Name             Origin             Length             Attributes
rom              0x00000000         0x00040000         xr
ram              0x1fff8000         0x00010000         xrw
*default*        0x00000000         0xffffffff

Linker script and memory map

LOAD c:/program files (x86)/cypress/psoc creator/4.2/psoc creator/import/gnu/arm/5.4.1/bin/../lib/gcc/arm-none-eabi/5.4.1/armv7-m/crti.o
LOAD c:/program files (x86)/cypress/psoc creator/4.2/psoc creator/import/gnu/arm/5.4.1/bin/../lib/gcc/arm-none-eabi/5.4.1/armv7-m/crtbegin.o
LOAD c:/program files (x86)/cypress/psoc creator/4.2/psoc creator/import/gnu/arm/5.4.1/bin/../lib/gcc/arm-none-eabi/5.4.1/../../../../arm-none-eabi/lib/armv7-m/crt0.o
START GROUP
LOAD .\CortexM3\ARM_GCC_541\Debug\main.o
LOAD .\CortexM3\ARM_GCC_541\Debug\FPS_Utils.o
LOAD .\CortexM3\ARM_GCC_541\Debug\GT521F32.o
LOAD .\CortexM3\ARM_GCC_541\Debug\utils.o
LOAD .\CortexM3\ARM_GCC_541\Debug\cyfitter_cfg.o
LOAD .\CortexM3\ARM_GCC_541\Debug\cymetadata.o
LOAD .\CortexM3\ARM_GCC_541\Debug\Cm3Start.o
LOAD .\CortexM3\ARM_GCC_541\Debug\BioLock.a
LOAD C:\Program Files (x86)\Cypress\PSoC Creator\4.2\PSoC Creator\psoc\content\cycomponentlibrary\CyComponentLibrary.cylib\CortexM3\ARM_GCC_541\Debug\CyComponentLibrary.a
END GROUP
START GROUP
LOAD c:/program files (x86)/cypress/psoc creator/4.2/psoc creator/import/gnu/arm/5.4.1/bin/../lib/gcc/arm-none-eabi/5.4.1/armv7-m\libgcc.a
LOAD c:/program files (x86)/cypress/psoc creator/4.2/psoc creator/import/gnu/arm/5.4.1/bin/../lib/gcc/arm-none-eabi/5.4.1/../../../../arm-none-eabi/lib/armv7-m\libg_nano.a
LOAD c:/program files (x86)/cypress/psoc creator/4.2/psoc creator/import/gnu/arm/5.4.1/bin/../lib/gcc/arm-none-eabi/5.4.1/../../../../arm-none-eabi/lib/armv7-m\libc_nano.a
END GROUP
START GROUP
LOAD c:/program files (x86)/cypress/psoc creator/4.2/psoc creator/import/gnu/arm/5.4.1/bin/../lib/gcc/arm-none-eabi/5.4.1/armv7-m\libgcc.a
LOAD c:/program files (x86)/cypress/psoc creator/4.2/psoc creator/import/gnu/arm/5.4.1/bin/../lib/gcc/arm-none-eabi/5.4.1/../../../../arm-none-eabi/lib/armv7-m\libc_nano.a
END GROUP
LOAD c:/program files (x86)/cypress/psoc creator/4.2/psoc creator/import/gnu/arm/5.4.1/bin/../lib/gcc/arm-none-eabi/5.4.1/armv7-m/crtend.o
LOAD c:/program files (x86)/cypress/psoc creator/4.2/psoc creator/import/gnu/arm/5.4.1/bin/../lib/gcc/arm-none-eabi/5.4.1/armv7-m/crtn.o
START GROUP
LOAD c:/program files (x86)/cypress/psoc creator/4.2/psoc creator/import/gnu/arm/5.4.1/bin/../lib/gcc/arm-none-eabi/5.4.1/armv7-m\libgcc.a
LOAD c:/program files (x86)/cypress/psoc creator/4.2/psoc creator/import/gnu/arm/5.4.1/bin/../lib/gcc/arm-none-eabi/5.4.1/../../../../arm-none-eabi/lib/armv7-m\libc.a
LOAD c:/program files (x86)/cypress/psoc creator/4.2/psoc creator/import/gnu/arm/5.4.1/bin/../lib/gcc/arm-none-eabi/5.4.1/../../../../arm-none-eabi/lib/armv7-m\libnosys.a
END GROUP
                0x00000000                CY_APPL_ORIGIN = 0x0
                0x00000100                CY_FLASH_ROW_SIZE = 0x100
                0x00000020                CY_ECC_ROW_SIZE = 0x20
                0x00000000                CY_EE_IN_BTLDR = 0x0
                0x00000000                CY_APPL_LOADABLE = 0x0
                0x00000800                CY_EE_SIZE = 0x800
                0x00000001                CY_APPL_NUM = 0x1
                0x00000001                CY_APPL_MAX = 0x1
                0x00000040                CY_METADATA_SIZE = 0x40
                0x00000000                CY_APPL_LOADABLE = 0x0
                0x00000000                CY_CHECKSUM_EXCLUDE_SIZE = ALIGN (0x0, CY_FLASH_ROW_SIZE)
                [!provide]                PROVIDE (__cy_heap_start, _end)
                0x00000001                PROVIDE (__cy_region_num, ((__cy_regions_end - __cy_regions) / 0x10))
                0x20008000                PROVIDE (__cy_stack, (ORIGIN (ram) + LENGTH (ram)))
                [!provide]                PROVIDE (__cy_heap_end, (__cy_stack - 0x800))

.cybootloader   0x00000000        0x0
 *(.cybootloader)
                0x00000000                appl1_start = CY_APPL_ORIGIN?CY_APPL_ORIGIN:ALIGN (CY_FLASH_ROW_SIZE)
                0x0001ff00                appl2_start = (appl1_start + ALIGN ((((LENGTH (rom) - appl1_start) - (0x2 * CY_FLASH_ROW_SIZE)) / 0x2), CY_FLASH_ROW_SIZE))
                0x00000000                appl_start = (CY_APPL_NUM == 0x1)?appl1_start:appl2_start
                0x00000000                ecc_offset = ((appl_start / CY_FLASH_ROW_SIZE) * CY_ECC_ROW_SIZE)
                0x00000000                ee_offset = (CY_APPL_LOADABLE && ! (CY_EE_IN_BTLDR))?((CY_EE_SIZE / CY_APPL_MAX) * (CY_APPL_NUM - 0x1)):0x0
                0x00000800                ee_size = (CY_APPL_LOADABLE && ! (CY_EE_IN_BTLDR))?(CY_EE_SIZE / CY_APPL_MAX):CY_EE_SIZE
                [!provide]                PROVIDE (CY_ECC_OFFSET, ecc_offset)

.text           0x00000000     0x21d8
 CREATE_OBJECT_SYMBOLS
                0x00000000                PROVIDE (__cy_interrupt_vector, RomVectors)
 *(.romvectors)
 .romvectors    0x00000000       0x10 .\CortexM3\ARM_GCC_541\Debug\Cm3Start.o
                0x00000000                RomVectors
                0x00000001                ASSERT ((. != __cy_interrupt_vector), No interrupt vector)
                0x00000001                ASSERT (CY_APPL_ORIGIN?(SIZEOF (.cybootloader) <= CY_APPL_ORIGIN):0x1, Wrong image location)
                0x00000010                PROVIDE (__cy_reset, Reset)
 *(.text.Reset)
 .text.Reset    0x00000010       0x18 .\CortexM3\ARM_GCC_541\Debug\Cm3Start.o
                0x00000010                Reset
                0x00000001                ASSERT ((. != __cy_reset), No reset code)
 *(.dma_init)
                0x00000001                ASSERT ((((appl_start + .) <= 0x10000) || 0x1), DMA Init must be within the first 64k of flash)
 *(.text .text.* .gnu.linkonce.t.*)
 .text          0x00000028       0x5c c:/program files (x86)/cypress/psoc creator/4.2/psoc creator/import/gnu/arm/5.4.1/bin/../lib/gcc/arm-none-eabi/5.4.1/armv7-m/crtbegin.o
 .text.zeroEEPROM
                0x00000084       0x58 .\CortexM3\ARM_GCC_541\Debug\main.o
                0x00000084                zeroEEPROM
 .text.storeTestValues
                0x000000dc       0xac .\CortexM3\ARM_GCC_541\Debug\main.o
                0x000000dc                storeTestValues
 .text.main     0x00000188       0x68 .\CortexM3\ARM_GCC_541\Debug\main.o
                0x00000188                main
 .text.CyClockStartupError
                0x000001f0        0x4 .\CortexM3\ARM_GCC_541\Debug\cyfitter_cfg.o
 .text.cfg_write_bytes32
                0x000001f4       0x34 .\CortexM3\ARM_GCC_541\Debug\cyfitter_cfg.o
 .text.AnalogSetDefault
                0x00000228       0x28 .\CortexM3\ARM_GCC_541\Debug\cyfitter_cfg.o
 .text.CYMEMZERO
                0x00000250        0xc .\CortexM3\ARM_GCC_541\Debug\cyfitter_cfg.o
 .text.ClockSetup
                0x0000025c       0xd4 .\CortexM3\ARM_GCC_541\Debug\cyfitter_cfg.o
 .text.CYCONFIGCPY
                0x00000330        0x8 .\CortexM3\ARM_GCC_541\Debug\cyfitter_cfg.o
 .text.cyfitter_cfg
                0x00000338      0x134 .\CortexM3\ARM_GCC_541\Debug\cyfitter_cfg.o
                0x00000338                cyfitter_cfg
 .text.IntDefaultHandler
                0x0000046c       0x10 .\CortexM3\ARM_GCC_541\Debug\Cm3Start.o
                0x0000046c                IntDefaultHandler
 .text._sbrk    0x0000047c       0x30 .\CortexM3\ARM_GCC_541\Debug\Cm3Start.o
                0x0000047c                _sbrk
 .text.Start_c  0x000004ac       0x4c .\CortexM3\ARM_GCC_541\Debug\Cm3Start.o
                0x000004ac                Start_c
 .text.initialize_psoc
                0x000004f8       0x68 .\CortexM3\ARM_GCC_541\Debug\Cm3Start.o
                0x000004f8                initialize_psoc
 .text.UART_Init
                0x00000560       0x28 .\CortexM3\ARM_GCC_541\Debug\BioLock.a(UART.o)
                0x00000560                UART_Init
 .text.UART_Enable
                0x00000588       0x38 .\CortexM3\ARM_GCC_541\Debug\BioLock.a(UART.o)
                0x00000588                UART_Enable
 .text.UART_Start
                0x000005c0       0x1c .\CortexM3\ARM_GCC_541\Debug\BioLock.a(UART.o)
                0x000005c0                UART_Start
 .text.UART_PutChar
                0x000005dc       0x18 .\CortexM3\ARM_GCC_541\Debug\BioLock.a(UART.o)
                0x000005dc                UART_PutChar
 .text.UART_PutString
                0x000005f4       0x24 .\CortexM3\ARM_GCC_541\Debug\BioLock.a(UART.o)
                0x000005f4                UART_PutString
 .text.I2C_Init
                0x00000618       0x68 .\CortexM3\ARM_GCC_541\Debug\BioLock.a(I2C.o)
                0x00000618                I2C_Init
 .text.I2C_Enable
                0x00000680       0x24 .\CortexM3\ARM_GCC_541\Debug\BioLock.a(I2C.o)
                0x00000680                I2C_Enable
 .text.I2C_Start
                0x000006a4       0x28 .\CortexM3\ARM_GCC_541\Debug\BioLock.a(I2C.o)
                0x000006a4                I2C_Start
 .text.I2C_Stop
                0x000006cc       0xb4 .\CortexM3\ARM_GCC_541\Debug\BioLock.a(I2C.o)
                0x000006cc                I2C_Stop
 .text.I2C_ISR  0x00000780      0x2d0 .\CortexM3\ARM_GCC_541\Debug\BioLock.a(I2C_INT.o)
                0x00000780                I2C_ISR
 .text.I2C_MasterWriteBuf
                0x00000a50       0xcc .\CortexM3\ARM_GCC_541\Debug\BioLock.a(I2C_MASTER.o)
                0x00000a50                I2C_MasterWriteBuf
 .text.I2C_MasterReadBuf
                0x00000b1c       0xd0 .\CortexM3\ARM_GCC_541\Debug\BioLock.a(I2C_MASTER.o)
                0x00000b1c                I2C_MasterReadBuf
 .text.I2C_MasterSendStart
                0x00000bec       0x80 .\CortexM3\ARM_GCC_541\Debug\BioLock.a(I2C_MASTER.o)
                0x00000bec                I2C_MasterSendStart
 .text.I2C_MasterSendStop
                0x00000c6c       0x38 .\CortexM3\ARM_GCC_541\Debug\BioLock.a(I2C_MASTER.o)
                0x00000c6c                I2C_MasterSendStop
 .text.I2C_MasterWriteByte
                0x00000ca4       0x58 .\CortexM3\ARM_GCC_541\Debug\BioLock.a(I2C_MASTER.o)
                0x00000ca4                I2C_MasterWriteByte
 .text.I2C_MasterStatus
                0x00000cfc       0x38 .\CortexM3\ARM_GCC_541\Debug\BioLock.a(I2C_MASTER.o)
                0x00000cfc                I2C_MasterStatus
 .text.I2C_MasterClearStatus
                0x00000d34       0x24 .\CortexM3\ARM_GCC_541\Debug\BioLock.a(I2C_MASTER.o)
                0x00000d34                I2C_MasterClearStatus
 .text.MotorCLK_Start
                0x00000d58       0x1c .\CortexM3\ARM_GCC_541\Debug\BioLock.a(MotorCLK.o)
                0x00000d58                MotorCLK_Start
 .text.MotorTimer_Enable
                0x00000d74       0x28 .\CortexM3\ARM_GCC_541\Debug\BioLock.a(MotorTimer.o)
                0x00000d74                MotorTimer_Enable
 .text.MotorTimer_SetInterruptMode
                0x00000d9c        0xc .\CortexM3\ARM_GCC_541\Debug\BioLock.a(MotorTimer.o)
                0x00000d9c                MotorTimer_SetInterruptMode
 .text.MotorTimer_ReadStatusRegister
                0x00000da8        0xc .\CortexM3\ARM_GCC_541\Debug\BioLock.a(MotorTimer.o)
                0x00000da8                MotorTimer_ReadStatusRegister
 .text.MotorTimer_WritePeriod
                0x00000db4        0xc .\CortexM3\ARM_GCC_541\Debug\BioLock.a(MotorTimer.o)
                0x00000db4                MotorTimer_WritePeriod
 .text.MotorTimer_WriteCounter
                0x00000dc0        0xc .\CortexM3\ARM_GCC_541\Debug\BioLock.a(MotorTimer.o)
                0x00000dc0                MotorTimer_WriteCounter
 .text.MotorTimer_Init
                0x00000dcc       0x64 .\CortexM3\ARM_GCC_541\Debug\BioLock.a(MotorTimer.o)
                0x00000dcc                MotorTimer_Init
 .text.MotorTimer_Start
                0x00000e30       0x1c .\CortexM3\ARM_GCC_541\Debug\BioLock.a(MotorTimer.o)
                0x00000e30                MotorTimer_Start
 .text.MotorISR_Interrupt
                0x00000e4c       0x90 .\CortexM3\ARM_GCC_541\Debug\BioLock.a(MotorISR.o)
                0x00000e4c                MotorISR_Interrupt
 .text.MotorISR_SetVector
                0x00000edc       0x10 .\CortexM3\ARM_GCC_541\Debug\BioLock.a(MotorISR.o)
                0x00000edc                MotorISR_SetVector
 .text.MotorISR_SetPriority
                0x00000eec       0x10 .\CortexM3\ARM_GCC_541\Debug\BioLock.a(MotorISR.o)
                0x00000eec                MotorISR_SetPriority
 .text.MotorISR_Enable
                0x00000efc       0x10 .\CortexM3\ARM_GCC_541\Debug\BioLock.a(MotorISR.o)
                0x00000efc                MotorISR_Enable
 .text.MotorISR_Disable
                0x00000f0c       0x10 .\CortexM3\ARM_GCC_541\Debug\BioLock.a(MotorISR.o)
                0x00000f0c                MotorISR_Disable
 .text.MotorISR_Start
                0x00000f1c       0x1c .\CortexM3\ARM_GCC_541\Debug\BioLock.a(MotorISR.o)
                0x00000f1c                MotorISR_Start
 .text.ENCISR_Interrupt
                0x00000f38       0xfc .\CortexM3\ARM_GCC_541\Debug\BioLock.a(ENCISR.o)
                0x00000f38                ENCISR_Interrupt
 .text.ENCISR_SetVector
                0x00001034        0xc .\CortexM3\ARM_GCC_541\Debug\BioLock.a(ENCISR.o)
                0x00001034                ENCISR_SetVector
 .text.ENCISR_SetPriority
                0x00001040       0x10 .\CortexM3\ARM_GCC_541\Debug\BioLock.a(ENCISR.o)
                0x00001040                ENCISR_SetPriority
 .text.ENCISR_Enable
                0x00001050        0xc .\CortexM3\ARM_GCC_541\Debug\BioLock.a(ENCISR.o)
                0x00001050                ENCISR_Enable
 .text.ENCISR_Disable
                0x0000105c        0xc .\CortexM3\ARM_GCC_541\Debug\BioLock.a(ENCISR.o)
                0x0000105c                ENCISR_Disable
 .text.ENCISR_Start
                0x00001068       0x1c .\CortexM3\ARM_GCC_541\Debug\BioLock.a(ENCISR.o)
                0x00001068                ENCISR_Start
 .text.DebounceCLK_Start
                0x00001084       0x1c .\CortexM3\ARM_GCC_541\Debug\BioLock.a(DebounceCLK.o)
                0x00001084                DebounceCLK_Start
 .text.CycleISR_Interrupt
                0x000010a0       0xf4 .\CortexM3\ARM_GCC_541\Debug\BioLock.a(CycleISR.o)
                0x000010a0                CycleISR_Interrupt
 .text.CycleISR_SetVector
                0x00001194        0xc .\CortexM3\ARM_GCC_541\Debug\BioLock.a(CycleISR.o)
                0x00001194                CycleISR_SetVector
 .text.CycleISR_SetPriority
                0x000011a0       0x10 .\CortexM3\ARM_GCC_541\Debug\BioLock.a(CycleISR.o)
                0x000011a0                CycleISR_SetPriority
 .text.CycleISR_Enable
                0x000011b0        0xc .\CortexM3\ARM_GCC_541\Debug\BioLock.a(CycleISR.o)
                0x000011b0                CycleISR_Enable
 .text.CycleISR_Disable
                0x000011bc        0xc .\CortexM3\ARM_GCC_541\Debug\BioLock.a(CycleISR.o)
                0x000011bc                CycleISR_Disable
 .text.CycleISR_Start
                0x000011c8       0x1c .\CortexM3\ARM_GCC_541\Debug\BioLock.a(CycleISR.o)
                0x000011c8                CycleISR_Start
 .text.ConfirmISR_Interrupt
                0x000011e4       0xbc .\CortexM3\ARM_GCC_541\Debug\BioLock.a(ConfirmISR.o)
                0x000011e4                ConfirmISR_Interrupt
 .text.ConfirmISR_SetVector
                0x000012a0        0xc .\CortexM3\ARM_GCC_541\Debug\BioLock.a(ConfirmISR.o)
                0x000012a0                ConfirmISR_SetVector
 .text.ConfirmISR_SetPriority
                0x000012ac       0x10 .\CortexM3\ARM_GCC_541\Debug\BioLock.a(ConfirmISR.o)
                0x000012ac                ConfirmISR_SetPriority
 .text.ConfirmISR_Enable
                0x000012bc        0xc .\CortexM3\ARM_GCC_541\Debug\BioLock.a(ConfirmISR.o)
                0x000012bc                ConfirmISR_Enable
 .text.ConfirmISR_Disable
                0x000012c8        0xc .\CortexM3\ARM_GCC_541\Debug\BioLock.a(ConfirmISR.o)
                0x000012c8                ConfirmISR_Disable
 .text.ConfirmISR_Start
                0x000012d4       0x1c .\CortexM3\ARM_GCC_541\Debug\BioLock.a(ConfirmISR.o)
                0x000012d4                ConfirmISR_Start
 .text.OverwriteISR_Interrupt
                0x000012f0       0xbc .\CortexM3\ARM_GCC_541\Debug\BioLock.a(OverwriteISR.o)
                0x000012f0                OverwriteISR_Interrupt
 .text.OverwriteISR_SetVector
                0x000013ac        0xc .\CortexM3\ARM_GCC_541\Debug\BioLock.a(OverwriteISR.o)
                0x000013ac                OverwriteISR_SetVector
 .text.OverwriteISR_SetPriority
                0x000013b8       0x10 .\CortexM3\ARM_GCC_541\Debug\BioLock.a(OverwriteISR.o)
                0x000013b8                OverwriteISR_SetPriority
 .text.OverwriteISR_Enable
                0x000013c8        0xc .\CortexM3\ARM_GCC_541\Debug\BioLock.a(OverwriteISR.o)
                0x000013c8                OverwriteISR_Enable
 .text.OverwriteISR_Disable
                0x000013d4        0xc .\CortexM3\ARM_GCC_541\Debug\BioLock.a(OverwriteISR.o)
                0x000013d4                OverwriteISR_Disable
 .text.OverwriteISR_Start
                0x000013e0       0x1c .\CortexM3\ARM_GCC_541\Debug\BioLock.a(OverwriteISR.o)
                0x000013e0                OverwriteISR_Start
 .text.ForwardISR_Interrupt
                0x000013fc       0x80 .\CortexM3\ARM_GCC_541\Debug\BioLock.a(ForwardISR.o)
                0x000013fc                ForwardISR_Interrupt
 .text.ForwardISR_SetVector
                0x0000147c        0xc .\CortexM3\ARM_GCC_541\Debug\BioLock.a(ForwardISR.o)
                0x0000147c                ForwardISR_SetVector
 .text.ForwardISR_SetPriority
                0x00001488       0x10 .\CortexM3\ARM_GCC_541\Debug\BioLock.a(ForwardISR.o)
                0x00001488                ForwardISR_SetPriority
 .text.ForwardISR_Enable
                0x00001498        0xc .\CortexM3\ARM_GCC_541\Debug\BioLock.a(ForwardISR.o)
                0x00001498                ForwardISR_Enable
 .text.ForwardISR_Disable
                0x000014a4        0xc .\CortexM3\ARM_GCC_541\Debug\BioLock.a(ForwardISR.o)
                0x000014a4                ForwardISR_Disable
 .text.ForwardISR_Start
                0x000014b0       0x1c .\CortexM3\ARM_GCC_541\Debug\BioLock.a(ForwardISR.o)
                0x000014b0                ForwardISR_Start
 .text.BackISR_Interrupt
                0x000014cc       0x80 .\CortexM3\ARM_GCC_541\Debug\BioLock.a(BackISR.o)
                0x000014cc                BackISR_Interrupt
 .text.BackISR_SetVector
                0x0000154c        0xc .\CortexM3\ARM_GCC_541\Debug\BioLock.a(BackISR.o)
                0x0000154c                BackISR_SetVector
 .text.BackISR_SetPriority
                0x00001558       0x10 .\CortexM3\ARM_GCC_541\Debug\BioLock.a(BackISR.o)
                0x00001558                BackISR_SetPriority
 .text.BackISR_Enable
                0x00001568        0xc .\CortexM3\ARM_GCC_541\Debug\BioLock.a(BackISR.o)
                0x00001568                BackISR_Enable
 .text.BackISR_Disable
                0x00001574        0xc .\CortexM3\ARM_GCC_541\Debug\BioLock.a(BackISR.o)
                0x00001574                BackISR_Disable
 .text.BackISR_Start
                0x00001580       0x1c .\CortexM3\ARM_GCC_541\Debug\BioLock.a(BackISR.o)
                0x00001580                BackISR_Start
 .text.Solenoid_Write
                0x0000159c       0x18 .\CortexM3\ARM_GCC_541\Debug\BioLock.a(Solenoid.o)
                0x0000159c                Solenoid_Write
 .text.UART_IntClock_Start
                0x000015b4       0x1c .\CortexM3\ARM_GCC_541\Debug\BioLock.a(UART_IntClock.o)
                0x000015b4                UART_IntClock_Start
 .text.CyHalt   0x000015d0        0x4 .\CortexM3\ARM_GCC_541\Debug\BioLock.a(CyLib.o)
                0x000015d0                CyHalt
 .text.CyDelay  0x000015d4       0x2c .\CortexM3\ARM_GCC_541\Debug\BioLock.a(CyLib.o)
                0x000015d4                CyDelay
 .text.CyDelayUs
                0x00001600       0x14 .\CortexM3\ARM_GCC_541\Debug\BioLock.a(CyLib.o)
                0x00001600                CyDelayUs
 .text.CyIntSetVector
                0x00001614       0x28 .\CortexM3\ARM_GCC_541\Debug\BioLock.a(CyLib.o)
                0x00001614                CyIntSetVector
 .text.CyIntSetPriority
                0x0000163c       0x30 .\CortexM3\ARM_GCC_541\Debug\BioLock.a(CyLib.o)
                0x0000163c                CyIntSetPriority
 .text.LCD_I2C_expanderWrite
                0x0000166c       0x14 .\CortexM3\ARM_GCC_541\Debug\BioLock.a(LCD_I2C_FUNCS.o)
                0x0000166c                LCD_I2C_expanderWrite
 .text.LCD_I2C_pulseEnable
                0x00001680       0x24 .\CortexM3\ARM_GCC_541\Debug\BioLock.a(LCD_I2C_FUNCS.o)
                0x00001680                LCD_I2C_pulseEnable
 .text.LCD_I2C_write4bits
                0x000016a4       0x10 .\CortexM3\ARM_GCC_541\Debug\BioLock.a(LCD_I2C_FUNCS.o)
                0x000016a4                LCD_I2C_write4bits
 .text.LCD_I2C_send
                0x000016b4       0x20 .\CortexM3\ARM_GCC_541\Debug\BioLock.a(LCD_I2C_FUNCS.o)
                0x000016b4                LCD_I2C_send
 .text.LCD_I2C_write
                0x000016d4        0xc .\CortexM3\ARM_GCC_541\Debug\BioLock.a(LCD_I2C_FUNCS.o)
                0x000016d4                LCD_I2C_write
 .text.LCD_I2C_print
                0x000016e0       0x18 .\CortexM3\ARM_GCC_541\Debug\BioLock.a(LCD_I2C_FUNCS.o)
                0x000016e0                LCD_I2C_print
 .text.LCD_I2C_command
                0x000016f8        0xc .\CortexM3\ARM_GCC_541\Debug\BioLock.a(LCD_I2C_FUNCS.o)
                0x000016f8                LCD_I2C_command
 .text.LCD_I2C_clear
                0x00001704       0x10 .\CortexM3\ARM_GCC_541\Debug\BioLock.a(LCD_I2C_FUNCS.o)
                0x00001704                LCD_I2C_clear
 .text.LCD_I2C_home
                0x00001714       0x10 .\CortexM3\ARM_GCC_541\Debug\BioLock.a(LCD_I2C_FUNCS.o)
                0x00001714                LCD_I2C_home
 .text.LCD_I2C_setCursor
                0x00001724       0x3c .\CortexM3\ARM_GCC_541\Debug\BioLock.a(LCD_I2C_FUNCS.o)
                0x00001724                LCD_I2C_setCursor
 .text.LCD_I2C_display
                0x00001760       0x1c .\CortexM3\ARM_GCC_541\Debug\BioLock.a(LCD_I2C_FUNCS.o)
                0x00001760                LCD_I2C_display
 .text.LCD_I2C_begin
                0x0000177c       0x6c .\CortexM3\ARM_GCC_541\Debug\BioLock.a(LCD_I2C_FUNCS.o)
                0x0000177c                LCD_I2C_begin
 .text.LCD_I2C_start
                0x000017e8       0x2c .\CortexM3\ARM_GCC_541\Debug\BioLock.a(LCD_I2C_FUNCS.o)
                0x000017e8                LCD_I2C_start
 .text.ICPCK_ISR_Interrupt
                0x00001814       0x28 .\CortexM3\ARM_GCC_541\Debug\BioLock.a(ICPCK_ISR.o)
                0x00001814                ICPCK_ISR_Interrupt
 .text.ICPCK_ISR_SetVector
                0x0000183c        0xc .\CortexM3\ARM_GCC_541\Debug\BioLock.a(ICPCK_ISR.o)
                0x0000183c                ICPCK_ISR_SetVector
 .text.ICPCK_ISR_SetPriority
                0x00001848       0x10 .\CortexM3\ARM_GCC_541\Debug\BioLock.a(ICPCK_ISR.o)
                0x00001848                ICPCK_ISR_SetPriority
 .text.ICPCK_ISR_Enable
                0x00001858        0xc .\CortexM3\ARM_GCC_541\Debug\BioLock.a(ICPCK_ISR.o)
                0x00001858                ICPCK_ISR_Enable
 .text.ICPCK_ISR_Disable
                0x00001864        0xc .\CortexM3\ARM_GCC_541\Debug\BioLock.a(ICPCK_ISR.o)
                0x00001864                ICPCK_ISR_Disable
 .text.ICPCK_ISR_Start
                0x00001870       0x1c .\CortexM3\ARM_GCC_541\Debug\BioLock.a(ICPCK_ISR.o)
                0x00001870                ICPCK_ISR_Start
 *fill*         0x0000188c        0x4 
 .text          0x00001890       0x20 .\CortexM3\ARM_GCC_541\Debug\BioLock.a(CyBootAsmGnu.o)
                0x00001890                CyDelayCycles
                0x000018a0                CyEnterCriticalSection
                0x000018a8                CyExitCriticalSection
 .text.Motor_Write
                0x000018b0       0x18 .\CortexM3\ARM_GCC_541\Debug\BioLock.a(Motor.o)
                0x000018b0                Motor_Write
 .text.Motor_Read
                0x000018c8       0x10 .\CortexM3\ARM_GCC_541\Debug\BioLock.a(Motor.o)
                0x000018c8                Motor_Read
 .text.ENC_Read
                0x000018d8       0x10 .\CortexM3\ARM_GCC_541\Debug\BioLock.a(ENC.o)
                0x000018d8                ENC_Read
 .text.ENC_ClearInterrupt
                0x000018e8       0x10 .\CortexM3\ARM_GCC_541\Debug\BioLock.a(ENC.o)
                0x000018e8                ENC_ClearInterrupt
 .text.LCD_I2C_writeByte
                0x000018f8       0x18 .\CortexM3\ARM_GCC_541\Debug\BioLock.a(LCD_I2C_LL_I2C.o)
                0x000018f8                LCD_I2C_writeByte
 .text.__errno  0x00001910        0xc c:/program files (x86)/cypress/psoc creator/4.2/psoc creator/import/gnu/arm/5.4.1/bin/../lib/gcc/arm-none-eabi/5.4.1/../../../../arm-none-eabi/lib/armv7-m\libg_nano.a(lib_a-errno.o)
                0x00001910                __errno
 .text.__libc_init_array
                0x0000191c       0x4c c:/program files (x86)/cypress/psoc creator/4.2/psoc creator/import/gnu/arm/5.4.1/bin/../lib/gcc/arm-none-eabi/5.4.1/../../../../arm-none-eabi/lib/armv7-m\libg_nano.a(lib_a-init.o)
                0x0000191c                __libc_init_array
 .text.memcpy   0x00001968       0x16 c:/program files (x86)/cypress/psoc creator/4.2/psoc creator/import/gnu/arm/5.4.1/bin/../lib/gcc/arm-none-eabi/5.4.1/../../../../arm-none-eabi/lib/armv7-m\libg_nano.a(lib_a-memcpy-stub.o)
                0x00001968                memcpy
 .text.memset   0x0000197e       0x10 c:/program files (x86)/cypress/psoc creator/4.2/psoc creator/import/gnu/arm/5.4.1/bin/../lib/gcc/arm-none-eabi/5.4.1/../../../../arm-none-eabi/lib/armv7-m\libg_nano.a(lib_a-memset.o)
                0x0000197e                memset
 *fill*         0x0000198e        0x2 
 .text.sprintf  0x00001990       0x48 c:/program files (x86)/cypress/psoc creator/4.2/psoc creator/import/gnu/arm/5.4.1/bin/../lib/gcc/arm-none-eabi/5.4.1/../../../../arm-none-eabi/lib/armv7-m\libg_nano.a(lib_a-sprintf.o)
                0x00001990                siprintf
                0x00001990                sprintf
 .text.__ssputs_r
                0x000019d8       0xb2 c:/program files (x86)/cypress/psoc creator/4.2/psoc creator/import/gnu/arm/5.4.1/bin/../lib/gcc/arm-none-eabi/5.4.1/../../../../arm-none-eabi/lib/armv7-m\libg_nano.a(lib_a-nano-svfprintf.o)
                0x000019d8                __ssputs_r
 *fill*         0x00001a8a        0x2 
 .text._svfprintf_r
                0x00001a8c      0x1e8 c:/program files (x86)/cypress/psoc creator/4.2/psoc creator/import/gnu/arm/5.4.1/bin/../lib/gcc/arm-none-eabi/5.4.1/../../../../arm-none-eabi/lib/armv7-m\libg_nano.a(lib_a-nano-svfprintf.o)
                0x00001a8c                _svfiprintf_r
                0x00001a8c                _svfprintf_r
 .text._printf_common
                0x00001c74       0xec c:/program files (x86)/cypress/psoc creator/4.2/psoc creator/import/gnu/arm/5.4.1/bin/../lib/gcc/arm-none-eabi/5.4.1/../../../../arm-none-eabi/lib/armv7-m\libg_nano.a(lib_a-nano-vfprintf_i.o)
                0x00001c74                _printf_common
 .text._printf_i
                0x00001d60      0x24c c:/program files (x86)/cypress/psoc creator/4.2/psoc creator/import/gnu/arm/5.4.1/bin/../lib/gcc/arm-none-eabi/5.4.1/../../../../arm-none-eabi/lib/armv7-m\libg_nano.a(lib_a-nano-vfprintf_i.o)
                0x00001d60                _printf_i
 .text.memchr   0x00001fac       0x1c c:/program files (x86)/cypress/psoc creator/4.2/psoc creator/import/gnu/arm/5.4.1/bin/../lib/gcc/arm-none-eabi/5.4.1/../../../../arm-none-eabi/lib/armv7-m\libg_nano.a(lib_a-memchr-stub.o)
                0x00001fac                memchr
 .text.memmove  0x00001fc8       0x36 c:/program files (x86)/cypress/psoc creator/4.2/psoc creator/import/gnu/arm/5.4.1/bin/../lib/gcc/arm-none-eabi/5.4.1/../../../../arm-none-eabi/lib/armv7-m\libg_nano.a(lib_a-memmove.o)
                0x00001fc8                memmove
 *fill*         0x00001ffe        0x2 
 .text._free_r  0x00002000       0x98 c:/program files (x86)/cypress/psoc creator/4.2/psoc creator/import/gnu/arm/5.4.1/bin/../lib/gcc/arm-none-eabi/5.4.1/../../../../arm-none-eabi/lib/armv7-m\libg_nano.a(lib_a-nano-freer.o)
                0x00002000                _free_r
 .text._malloc_r
                0x00002098       0xbc c:/program files (x86)/cypress/psoc creator/4.2/psoc creator/import/gnu/arm/5.4.1/bin/../lib/gcc/arm-none-eabi/5.4.1/../../../../arm-none-eabi/lib/armv7-m\libg_nano.a(lib_a-nano-mallocr.o)
                0x00002098                _malloc_r
 .text._realloc_r
                0x00002154       0x4c c:/program files (x86)/cypress/psoc creator/4.2/psoc creator/import/gnu/arm/5.4.1/bin/../lib/gcc/arm-none-eabi/5.4.1/../../../../arm-none-eabi/lib/armv7-m\libg_nano.a(lib_a-nano-reallocr.o)
                0x00002154                _realloc_r
 .text._sbrk_r  0x000021a0       0x20 c:/program files (x86)/cypress/psoc creator/4.2/psoc creator/import/gnu/arm/5.4.1/bin/../lib/gcc/arm-none-eabi/5.4.1/../../../../arm-none-eabi/lib/armv7-m\libg_nano.a(lib_a-sbrkr.o)
                0x000021a0                _sbrk_r
 .text.__malloc_lock
                0x000021c0        0x2 c:/program files (x86)/cypress/psoc creator/4.2/psoc creator/import/gnu/arm/5.4.1/bin/../lib/gcc/arm-none-eabi/5.4.1/../../../../arm-none-eabi/lib/armv7-m\libg_nano.a(lib_a-mlock.o)
                0x000021c0                __malloc_lock
 .text.__malloc_unlock
                0x000021c2        0x2 c:/program files (x86)/cypress/psoc creator/4.2/psoc creator/import/gnu/arm/5.4.1/bin/../lib/gcc/arm-none-eabi/5.4.1/../../../../arm-none-eabi/lib/armv7-m\libg_nano.a(lib_a-mlock.o)
                0x000021c2                __malloc_unlock
 .text._malloc_usable_size_r
                0x000021c4       0x14 c:/program files (x86)/cypress/psoc creator/4.2/psoc creator/import/gnu/arm/5.4.1/bin/../lib/gcc/arm-none-eabi/5.4.1/../../../../arm-none-eabi/lib/armv7-m\libg_nano.a(lib_a-nano-msizer.o)
                0x000021c4                _malloc_usable_size_r
 *(.plt)
 *(.gnu.warning)
 *(.glue_7t)
 .glue_7t       0x000021d8        0x0 linker stubs
 *(.glue_7)
 .glue_7        0x000021d8        0x0 linker stubs
 *(.vfp11_veneer)
 .vfp11_veneer  0x000021d8        0x0 linker stubs
 *(.bootloader)
 *(.ARM.extab* .gnu.linkonce.armextab.*)
 *(.gcc_except_table)

.v4_bx          0x000021d8        0x0
 .v4_bx         0x000021d8        0x0 linker stubs

.iplt           0x000021d8        0x0
 .iplt          0x000021d8        0x0 c:/program files (x86)/cypress/psoc creator/4.2/psoc creator/import/gnu/arm/5.4.1/bin/../lib/gcc/arm-none-eabi/5.4.1/armv7-m/crtbegin.o

.eh_frame_hdr
 *(.eh_frame_hdr)

.eh_frame       0x000021d8        0x4
 *(.eh_frame)
 .eh_frame      0x000021d8        0x0 c:/program files (x86)/cypress/psoc creator/4.2/psoc creator/import/gnu/arm/5.4.1/bin/../lib/gcc/arm-none-eabi/5.4.1/armv7-m/crtbegin.o
 .eh_frame      0x000021d8        0x4 c:/program files (x86)/cypress/psoc creator/4.2/psoc creator/import/gnu/arm/5.4.1/bin/../lib/gcc/arm-none-eabi/5.4.1/armv7-m/crtend.o
                [!provide]                PROVIDE (__exidx_start, .)

.ARM.exidx
 *(.ARM.exidx* .gnu.linkonce.armexidx.*)
                0x000021dc                __exidx_end = .

.rodata         0x000021dc      0x104
 *(.rodata .rodata.* .gnu.linkonce.r.*)
 .rodata.str1.4
                0x000021dc       0x26 .\CortexM3\ARM_GCC_541\Debug\main.o
 *fill*         0x00002202        0x2 
 .rodata        0x00002204       0x50 .\CortexM3\ARM_GCC_541\Debug\cyfitter_cfg.o
 .rodata.str1.4
                0x00002254        0x9 .\CortexM3\ARM_GCC_541\Debug\BioLock.a(ENCISR.o)
                                 0x16 (size before relaxing)
 *fill*         0x0000225d        0x3 
 .rodata.str1.4
                0x00002260        0xc .\CortexM3\ARM_GCC_541\Debug\BioLock.a(CycleISR.o)
                                 0x16 (size before relaxing)
 .rodata.str1.4
                0x0000226c        0xa .\CortexM3\ARM_GCC_541\Debug\BioLock.a(ConfirmISR.o)
 .rodata.str1.4
                0x0000226c       0x16 .\CortexM3\ARM_GCC_541\Debug\BioLock.a(OverwriteISR.o)
 .rodata.str1.4
                0x0000226c       0x16 .\CortexM3\ARM_GCC_541\Debug\BioLock.a(ForwardISR.o)
 .rodata.str1.4
                0x0000226c       0x16 .\CortexM3\ARM_GCC_541\Debug\BioLock.a(BackISR.o)
 .rodata        0x0000226c        0x4 .\CortexM3\ARM_GCC_541\Debug\BioLock.a(LCD_I2C_FUNCS.o)
 .rodata.str1.1
                0x00002270        0x2 c:/program files (x86)/cypress/psoc creator/4.2/psoc creator/import/gnu/arm/5.4.1/bin/../lib/gcc/arm-none-eabi/5.4.1/../../../../arm-none-eabi/lib/armv7-m\libg_nano.a(lib_a-impure.o)
 .rodata.str1.1
                0x00002272       0x11 c:/program files (x86)/cypress/psoc creator/4.2/psoc creator/import/gnu/arm/5.4.1/bin/../lib/gcc/arm-none-eabi/5.4.1/../../../../arm-none-eabi/lib/armv7-m\libg_nano.a(lib_a-nano-svfprintf.o)
 .rodata.str1.1
                0x00002283       0x22 c:/program files (x86)/cypress/psoc creator/4.2/psoc creator/import/gnu/arm/5.4.1/bin/../lib/gcc/arm-none-eabi/5.4.1/../../../../arm-none-eabi/lib/armv7-m\libg_nano.a(lib_a-nano-vfprintf_i.o)
                0x000022a8                . = ALIGN (0x4)
 *fill*         0x000022a5        0x3 
 *(.init)
 .init          0x000022a8        0x4 c:/program files (x86)/cypress/psoc creator/4.2/psoc creator/import/gnu/arm/5.4.1/bin/../lib/gcc/arm-none-eabi/5.4.1/armv7-m/crti.o
                0x000022a8                _init
 .init          0x000022ac        0x8 c:/program files (x86)/cypress/psoc creator/4.2/psoc creator/import/gnu/arm/5.4.1/bin/../lib/gcc/arm-none-eabi/5.4.1/armv7-m/crtn.o
                0x000022b4                . = ALIGN (0x4)
                0x000022b4                __preinit_array_start = .
 *(.preinit_array)
                0x000022b4                __preinit_array_end = .
                0x000022b4                . = ALIGN (0x4)
                0x000022b4                __init_array_start = .
 *(SORT(.init_array.*))
 *(.init_array)
 .init_array    0x000022b4        0x4 c:/program files (x86)/cypress/psoc creator/4.2/psoc creator/import/gnu/arm/5.4.1/bin/../lib/gcc/arm-none-eabi/5.4.1/armv7-m/crtbegin.o
 .init_array    0x000022b8        0x4 .\CortexM3\ARM_GCC_541\Debug\Cm3Start.o
                0x000022bc                __init_array_end = .
                0x000022bc                . = ALIGN (0x4)
 *(.fini)
 .fini          0x000022bc        0x4 c:/program files (x86)/cypress/psoc creator/4.2/psoc creator/import/gnu/arm/5.4.1/bin/../lib/gcc/arm-none-eabi/5.4.1/armv7-m/crti.o
                0x000022bc                _fini
 .fini          0x000022c0        0x8 c:/program files (x86)/cypress/psoc creator/4.2/psoc creator/import/gnu/arm/5.4.1/bin/../lib/gcc/arm-none-eabi/5.4.1/armv7-m/crtn.o
                0x000022c8                . = ALIGN (0x4)
                0x000022c8                __fini_array_start = .
 *(.fini_array)
 .fini_array    0x000022c8        0x4 c:/program files (x86)/cypress/psoc creator/4.2/psoc creator/import/gnu/arm/5.4.1/bin/../lib/gcc/arm-none-eabi/5.4.1/armv7-m/crtbegin.o
 *(SORT(.fini_array.*))
                0x000022cc                __fini_array_end = .
                0x000022cc                . = ALIGN (0x4)
 *crtbegin.o(.ctors)
 *(EXCLUDE_FILE(*crtend.o) .ctors)
 *(SORT(.ctors.*))
 *crtend.o(.ctors)
                0x000022cc                . = ALIGN (0x4)
 *crtbegin.o(.dtors)
 *(EXCLUDE_FILE(*crtend.o) .dtors)
 *(SORT(.dtors.*))
 *crtend.o(.dtors)
                0x000022cc                . = ALIGN (0x4)
                0x000022cc                __cy_regions = .
                0x000022cc        0x4 LONG 0x22e0 __cy_region_init_ram
                0x000022d0        0x4 LONG 0x1fff80c8 __cy_region_start_data
                0x000022d4        0x4 LONG 0x88 __cy_region_init_size_ram
                0x000022d8        0x4 LONG 0x58 __cy_region_zero_size_ram
                0x000022dc                __cy_regions_end = .
                0x000022e0                . = ALIGN (0x8)
 *fill*         0x000022dc        0x4 
                0x000022e0                _etext = .

.cy_checksum_exclude
                0x000022e0        0x0
 *(.cy_checksum_exclude)

.ramvectors     0x1fff8000       0xc0
                0x1fff8000                __cy_region_start_ram = .
 *(.ramvectors)
 .ramvectors    0x1fff8000       0xc0 .\CortexM3\ARM_GCC_541\Debug\Cm3Start.o
                0x1fff8000                CyRamVectors

.noinit         0x1fff80c0        0x1
 *(.noinit)
 .noinit        0x1fff80c0        0x1 .\CortexM3\ARM_GCC_541\Debug\BioLock.a(CyLib.o)
                0x1fff80c0                CyResetStatus

.data           0x1fff80c8       0x88 load address 0x000022e0
                0x1fff80c8                __cy_region_start_data = .
 *(.jcr)
 .jcr           0x1fff80c8        0x0 c:/program files (x86)/cypress/psoc creator/4.2/psoc creator/import/gnu/arm/5.4.1/bin/../lib/gcc/arm-none-eabi/5.4.1/armv7-m/crtbegin.o
 .jcr           0x1fff80c8        0x4 c:/program files (x86)/cypress/psoc creator/4.2/psoc creator/import/gnu/arm/5.4.1/bin/../lib/gcc/arm-none-eabi/5.4.1/armv7-m/crtend.o
 *(.got.plt)
 *(.got)
 *(.shdata)
 *(.data .data.* .gnu.linkonce.d.*)
 .data          0x1fff80cc        0x4 .\CortexM3\ARM_GCC_541\Debug\Cm3Start.o
 .data          0x1fff80d0        0x6 .\CortexM3\ARM_GCC_541\Debug\BioLock.a(I2C_PM.o)
                0x1fff80d0                I2C_backup
 *fill*         0x1fff80d6        0x2 
 .data          0x1fff80d8       0x10 .\CortexM3\ARM_GCC_541\Debug\BioLock.a(CyLib.o)
                0x1fff80d8                cydelay_32k_ms
                0x1fff80dc                cydelay_freq_khz
                0x1fff80e0                cydelay_freq_mhz
                0x1fff80e4                cydelay_freq_hz
 .data.impure_data
                0x1fff80e8       0x60 c:/program files (x86)/cypress/psoc creator/4.2/psoc creator/import/gnu/arm/5.4.1/bin/../lib/gcc/arm-none-eabi/5.4.1/../../../../arm-none-eabi/lib/armv7-m\libg_nano.a(lib_a-impure.o)
 .data._impure_ptr
                0x1fff8148        0x4 c:/program files (x86)/cypress/psoc creator/4.2/psoc creator/import/gnu/arm/5.4.1/bin/../lib/gcc/arm-none-eabi/5.4.1/../../../../arm-none-eabi/lib/armv7-m\libg_nano.a(lib_a-impure.o)
                0x1fff8148                _impure_ptr
                0x1fff8150                . = ALIGN (0x8)
 *fill*         0x1fff814c        0x4 
 *(.ram)
                0x1fff8150                _edata = .

.igot.plt       0x1fff8150        0x0 load address 0x00002368
 .igot.plt      0x1fff8150        0x0 c:/program files (x86)/cypress/psoc creator/4.2/psoc creator/import/gnu/arm/5.4.1/bin/../lib/gcc/arm-none-eabi/5.4.1/armv7-m/crtbegin.o

.bss            0x1fff8150       0x58 load address 0x00002368
                0x1fff8150                PROVIDE (__bss_start__, .)
 *(.shbss)
 *(.bss .bss.* .gnu.linkonce.b.*)
 .bss           0x1fff8150       0x1c c:/program files (x86)/cypress/psoc creator/4.2/psoc creator/import/gnu/arm/5.4.1/bin/../lib/gcc/arm-none-eabi/5.4.1/armv7-m/crtbegin.o
 .bss           0x1fff816c        0x2 .\CortexM3\ARM_GCC_541\Debug\BioLock.a(UART.o)
                0x1fff816c                UART_initVar
 .bss           0x1fff816e        0x1 .\CortexM3\ARM_GCC_541\Debug\BioLock.a(I2C.o)
                0x1fff816e                I2C_initVar
 .bss           0x1fff816f        0x1 .\CortexM3\ARM_GCC_541\Debug\BioLock.a(MotorTimer.o)
                0x1fff816f                MotorTimer_initVar
 .bss           0x1fff8170        0x1 .\CortexM3\ARM_GCC_541\Debug\BioLock.a(CycleISR.o)
                0x1fff8170                addre
 *fill*         0x1fff8171        0x3 
 .bss.__malloc_sbrk_start
                0x1fff8174        0x4 c:/program files (x86)/cypress/psoc creator/4.2/psoc creator/import/gnu/arm/5.4.1/bin/../lib/gcc/arm-none-eabi/5.4.1/../../../../arm-none-eabi/lib/armv7-m\libg_nano.a(lib_a-nano-mallocr.o)
                0x1fff8174                __malloc_sbrk_start
 .bss.__malloc_free_list
                0x1fff8178        0x4 c:/program files (x86)/cypress/psoc creator/4.2/psoc creator/import/gnu/arm/5.4.1/bin/../lib/gcc/arm-none-eabi/5.4.1/../../../../arm-none-eabi/lib/armv7-m\libg_nano.a(lib_a-nano-mallocr.o)
                0x1fff8178                __malloc_free_list
 *(COMMON)
 COMMON         0x1fff817c        0x1 .\CortexM3\ARM_GCC_541\Debug\BioLock.a(I2C.o)
                0x1fff817c                I2C_state
 *fill*         0x1fff817d        0x3 
 COMMON         0x1fff8180       0x10 .\CortexM3\ARM_GCC_541\Debug\BioLock.a(I2C_MASTER.o)
                0x1fff8180                I2C_mstrWrBufIndex
                0x1fff8181                I2C_mstrWrBufSize
                0x1fff8182                I2C_mstrStatus
                0x1fff8184                I2C_mstrRdBufPtr
                0x1fff8188                I2C_mstrControl
                0x1fff8189                I2C_mstrRdBufSize
                0x1fff818a                I2C_mstrRdBufIndex
                0x1fff818c                I2C_mstrWrBufPtr
 COMMON         0x1fff8190        0x1 .\CortexM3\ARM_GCC_541\Debug\BioLock.a(MotorISR.o)
                0x1fff8190                mFlag
 *fill*         0x1fff8191        0x3 
 COMMON         0x1fff8194        0x4 .\CortexM3\ARM_GCC_541\Debug\BioLock.a(ENCISR.o)
                0x1fff8194                mPos
 COMMON         0x1fff8198        0x4 .\CortexM3\ARM_GCC_541\Debug\BioLock.a(CycleISR.o)
                0x1fff8198                FPSmPos
                0x1fff8199                readPos
                0x1fff819a                FPSID
                0x1fff819b                buttonID
 COMMON         0x1fff819c        0x8 .\CortexM3\ARM_GCC_541\Debug\BioLock.a(LCD_I2C_FUNCS.o)
                0x1fff819c                LCD_I2C_config
 COMMON         0x1fff81a4        0x4 c:/program files (x86)/cypress/psoc creator/4.2/psoc creator/import/gnu/arm/5.4.1/bin/../lib/gcc/arm-none-eabi/5.4.1/../../../../arm-none-eabi/lib/armv7-m\libg_nano.a(lib_a-reent.o)
                0x1fff81a4                errno
                0x1fff81a8                . = ALIGN (0x8)
 *(.ram.b)
                0x1fff81a8                _end = .
                0x1fff81a8                __end = .
                0x1fff81a8                PROVIDE (end, .)
                0x1fff81a8                PROVIDE (__bss_end__, .)
                0x000022e0                __cy_region_init_ram = LOADADDR (.data)
                0x00000088                __cy_region_init_size_ram = (_edata - ADDR (.data))
                0x00000058                __cy_region_zero_size_ram = (_end - _edata)

.heap           0x1fff81a8       0x80 load address 0x00002368
                0x1fff81a8                . = _end
                0x1fff8228                . = (. + 0x80)
 *fill*         0x1fff81a8       0x80 
                0x1fff8228                __cy_heap_limit = .

.stack          0x20007800      0x800
                0x20007800                __cy_stack_limit = .
                0x20008000                . = (. + 0x800)
 *fill*         0x20007800      0x800 
                0x00000001                ASSERT ((__cy_stack_limit >= __cy_heap_limit), region RAM overflowed with stack)
                0x00000000                cy_checksum_exclude_size = (CY_APPL_LOADABLE == 0x1)?SIZEOF (.cy_checksum_exclude):0x0
                0x00000001                ASSERT ((cy_checksum_exclude_size <= CY_CHECKSUM_EXCLUDE_SIZE), CY_BOOT: Section .cy_checksum_exclude size exceedes specified limit.)

.cyloadermeta
 *(.cyloadermeta)

.cyloadablemeta
 *(.cyloadablemeta)

.cyconfigecc    0x80000000      0x5a4
 *(.cyconfigecc)
 .cyconfigecc   0x80000000      0x5a4 .\CortexM3\ARM_GCC_541\Debug\cymetadata.o
                0x80000000                cy_meta_configecc

.cycustnvl      0x90000000        0x4
 *(.cycustnvl)
 .cycustnvl     0x90000000        0x4 .\CortexM3\ARM_GCC_541\Debug\cymetadata.o
                0x90000000                cy_meta_custnvl

.cywolatch      0x90100000        0x4
 *(.cywolatch)
 .cywolatch     0x90100000        0x4 .\CortexM3\ARM_GCC_541\Debug\cymetadata.o
                0x90100000                cy_meta_wonvl

.cyeeprom       0x90200000        0x0
 *(.cyeeprom)
                0x00000001                ASSERT ((. <= ((0x90200000 + ee_offset) + ee_size)), .cyeeprom data will not fit in EEPROM)

.cyflashprotect
                0x90400000      0x100
 *(.cyflashprotect)
 .cyflashprotect
                0x90400000      0x100 .\CortexM3\ARM_GCC_541\Debug\cymetadata.o
                0x90400000                cy_meta_flashprotect

.cymeta         0x90500000        0xc
 *(.cymeta)
 .cymeta        0x90500000        0xc .\CortexM3\ARM_GCC_541\Debug\cymetadata.o
                0x90500000                cy_metadata

.rel.dyn        0x00002368        0x0 load address 0x9050000c
 .rel.iplt      0x00002368        0x0 c:/program files (x86)/cypress/psoc creator/4.2/psoc creator/import/gnu/arm/5.4.1/bin/../lib/gcc/arm-none-eabi/5.4.1/armv7-m/crtbegin.o

.stab
 *(.stab)

.stabstr
 *(.stabstr)

.debug
 *(.debug)

.line
 *(.line)

.debug_srcinfo
 *(.debug_srcinfo)

.debug_sfnames
 *(.debug_sfnames)

.debug_aranges  0x00000000     0x1140
 *(.debug_aranges)
 .debug_aranges
                0x00000000       0x30 .\CortexM3\ARM_GCC_541\Debug\main.o
 .debug_aranges
                0x00000030       0x50 .\CortexM3\ARM_GCC_541\Debug\FPS_Utils.o
 .debug_aranges
                0x00000080      0x178 .\CortexM3\ARM_GCC_541\Debug\GT521F32.o
 .debug_aranges
                0x000001f8       0x48 .\CortexM3\ARM_GCC_541\Debug\utils.o
 .debug_aranges
                0x00000240       0x58 .\CortexM3\ARM_GCC_541\Debug\cyfitter_cfg.o
 .debug_aranges
                0x00000298       0x18 .\CortexM3\ARM_GCC_541\Debug\cymetadata.o
 .debug_aranges
                0x000002b0       0x48 .\CortexM3\ARM_GCC_541\Debug\Cm3Start.o
 .debug_aranges
                0x000002f8       0xf0 .\CortexM3\ARM_GCC_541\Debug\BioLock.a(UART.o)
 .debug_aranges
                0x000003e8       0x38 .\CortexM3\ARM_GCC_541\Debug\BioLock.a(I2C.o)
 .debug_aranges
                0x00000420       0x20 .\CortexM3\ARM_GCC_541\Debug\BioLock.a(I2C_INT.o)
 .debug_aranges
                0x00000440       0x38 .\CortexM3\ARM_GCC_541\Debug\BioLock.a(I2C_PM.o)
 .debug_aranges
                0x00000478       0x80 .\CortexM3\ARM_GCC_541\Debug\BioLock.a(I2C_MASTER.o)
 .debug_aranges
                0x000004f8       0x70 .\CortexM3\ARM_GCC_541\Debug\BioLock.a(MotorCLK.o)
 .debug_aranges
                0x00000568       0x88 .\CortexM3\ARM_GCC_541\Debug\BioLock.a(MotorTimer.o)
 .debug_aranges
                0x000005f0       0x80 .\CortexM3\ARM_GCC_541\Debug\BioLock.a(MotorISR.o)
 .debug_aranges
                0x00000670       0x80 .\CortexM3\ARM_GCC_541\Debug\BioLock.a(ENCISR.o)
 .debug_aranges
                0x000006f0       0x70 .\CortexM3\ARM_GCC_541\Debug\BioLock.a(DebounceCLK.o)
 .debug_aranges
                0x00000760       0x80 .\CortexM3\ARM_GCC_541\Debug\BioLock.a(CycleISR.o)
 .debug_aranges
                0x000007e0       0x80 .\CortexM3\ARM_GCC_541\Debug\BioLock.a(ConfirmISR.o)
 .debug_aranges
                0x00000860       0x80 .\CortexM3\ARM_GCC_541\Debug\BioLock.a(OverwriteISR.o)
 .debug_aranges
                0x000008e0       0x80 .\CortexM3\ARM_GCC_541\Debug\BioLock.a(ForwardISR.o)
 .debug_aranges
                0x00000960       0x80 .\CortexM3\ARM_GCC_541\Debug\BioLock.a(BackISR.o)
 .debug_aranges
                0x000009e0       0x38 .\CortexM3\ARM_GCC_541\Debug\BioLock.a(Solenoid.o)
 .debug_aranges
                0x00000a18       0x70 .\CortexM3\ARM_GCC_541\Debug\BioLock.a(UART_IntClock.o)
 .debug_aranges
                0x00000a88      0x2a0 .\CortexM3\ARM_GCC_541\Debug\BioLock.a(CyLib.o)
 .debug_aranges
                0x00000d28       0x98 .\CortexM3\ARM_GCC_541\Debug\BioLock.a(cyPm.o)
 .debug_aranges
                0x00000dc0      0x100 .\CortexM3\ARM_GCC_541\Debug\BioLock.a(LCD_I2C_FUNCS.o)
 .debug_aranges
                0x00000ec0       0x80 .\CortexM3\ARM_GCC_541\Debug\BioLock.a(ICPCK_ISR.o)
 .debug_aranges
                0x00000f40       0x38 .\CortexM3\ARM_GCC_541\Debug\BioLock.a(ICPCK.o)
 .debug_aranges
                0x00000f78       0x20 .\CortexM3\ARM_GCC_541\Debug\BioLock.a(CyBootAsmGnu.o)
 .debug_aranges
                0x00000f98       0x38 .\CortexM3\ARM_GCC_541\Debug\BioLock.a(Motor.o)
 .debug_aranges
                0x00000fd0       0x48 .\CortexM3\ARM_GCC_541\Debug\BioLock.a(ENC.o)
 .debug_aranges
                0x00001018       0x88 .\CortexM3\ARM_GCC_541\Debug\BioLock.a(CyFlash.o)
 .debug_aranges
                0x000010a0       0x80 .\CortexM3\ARM_GCC_541\Debug\BioLock.a(CySpc.o)
 .debug_aranges
                0x00001120       0x20 .\CortexM3\ARM_GCC_541\Debug\BioLock.a(LCD_I2C_LL_I2C.o)

.debug_pubnames
 *(.debug_pubnames)

.debug_info     0x00000000     0xb749
 *(.debug_info .gnu.linkonce.wi.*)
 .debug_info    0x00000000      0x53a .\CortexM3\ARM_GCC_541\Debug\main.o
 .debug_info    0x0000053a      0xa55 .\CortexM3\ARM_GCC_541\Debug\FPS_Utils.o
 .debug_info    0x00000f8f     0x2142 .\CortexM3\ARM_GCC_541\Debug\GT521F32.o
 .debug_info    0x000030d1      0x36d .\CortexM3\ARM_GCC_541\Debug\utils.o
 .debug_info    0x0000343e      0x5f2 .\CortexM3\ARM_GCC_541\Debug\cyfitter_cfg.o
 .debug_info    0x00003a30      0x136 .\CortexM3\ARM_GCC_541\Debug\cymetadata.o
 .debug_info    0x00003b66      0x3bb .\CortexM3\ARM_GCC_541\Debug\Cm3Start.o
 .debug_info    0x00003f21      0x60c .\CortexM3\ARM_GCC_541\Debug\BioLock.a(UART.o)
 .debug_info    0x0000452d      0x2ad .\CortexM3\ARM_GCC_541\Debug\BioLock.a(I2C.o)
 .debug_info    0x000047da      0x184 .\CortexM3\ARM_GCC_541\Debug\BioLock.a(I2C_INT.o)
 .debug_info    0x0000495e      0x207 .\CortexM3\ARM_GCC_541\Debug\BioLock.a(I2C_PM.o)
 .debug_info    0x00004b65      0x407 .\CortexM3\ARM_GCC_541\Debug\BioLock.a(I2C_MASTER.o)
 .debug_info    0x00004f6c      0x283 .\CortexM3\ARM_GCC_541\Debug\BioLock.a(MotorCLK.o)
 .debug_info    0x000051ef      0x291 .\CortexM3\ARM_GCC_541\Debug\BioLock.a(MotorTimer.o)
 .debug_info    0x00005480      0x400 .\CortexM3\ARM_GCC_541\Debug\BioLock.a(MotorISR.o)
 .debug_info    0x00005880      0x593 .\CortexM3\ARM_GCC_541\Debug\BioLock.a(ENCISR.o)
 .debug_info    0x00005e13      0x283 .\CortexM3\ARM_GCC_541\Debug\BioLock.a(DebounceCLK.o)
 .debug_info    0x00006096      0x5eb .\CortexM3\ARM_GCC_541\Debug\BioLock.a(CycleISR.o)
 .debug_info    0x00006681      0x493 .\CortexM3\ARM_GCC_541\Debug\BioLock.a(ConfirmISR.o)
 .debug_info    0x00006b14      0x556 .\CortexM3\ARM_GCC_541\Debug\BioLock.a(OverwriteISR.o)
 .debug_info    0x0000706a      0x47b .\CortexM3\ARM_GCC_541\Debug\BioLock.a(ForwardISR.o)
 .debug_info    0x000074e5      0x47b .\CortexM3\ARM_GCC_541\Debug\BioLock.a(BackISR.o)
 .debug_info    0x00007960      0x11f .\CortexM3\ARM_GCC_541\Debug\BioLock.a(Solenoid.o)
 .debug_info    0x00007a7f      0x283 .\CortexM3\ARM_GCC_541\Debug\BioLock.a(UART_IntClock.o)
 .debug_info    0x00007d02     0x1374 .\CortexM3\ARM_GCC_541\Debug\BioLock.a(CyLib.o)
 .debug_info    0x00009076      0xa2a .\CortexM3\ARM_GCC_541\Debug\BioLock.a(cyPm.o)
 .debug_info    0x00009aa0      0x85d .\CortexM3\ARM_GCC_541\Debug\BioLock.a(LCD_I2C_FUNCS.o)
 .debug_info    0x0000a2fd      0x334 .\CortexM3\ARM_GCC_541\Debug\BioLock.a(ICPCK_ISR.o)
 .debug_info    0x0000a631      0x11f .\CortexM3\ARM_GCC_541\Debug\BioLock.a(ICPCK.o)
 .debug_info    0x0000a750       0x73 .\CortexM3\ARM_GCC_541\Debug\BioLock.a(CyBootAsmGnu.o)
 .debug_info    0x0000a7c3      0x11f .\CortexM3\ARM_GCC_541\Debug\BioLock.a(Motor.o)
 .debug_info    0x0000a8e2      0x174 .\CortexM3\ARM_GCC_541\Debug\BioLock.a(ENC.o)
 .debug_info    0x0000aa56      0x64d .\CortexM3\ARM_GCC_541\Debug\BioLock.a(CyFlash.o)
 .debug_info    0x0000b0a3      0x550 .\CortexM3\ARM_GCC_541\Debug\BioLock.a(CySpc.o)
 .debug_info    0x0000b5f3      0x156 .\CortexM3\ARM_GCC_541\Debug\BioLock.a(LCD_I2C_LL_I2C.o)

.debug_abbrev   0x00000000     0x2d33
 *(.debug_abbrev)
 .debug_abbrev  0x00000000      0x141 .\CortexM3\ARM_GCC_541\Debug\main.o
 .debug_abbrev  0x00000141      0x135 .\CortexM3\ARM_GCC_541\Debug\FPS_Utils.o
 .debug_abbrev  0x00000276      0x22e .\CortexM3\ARM_GCC_541\Debug\GT521F32.o
 .debug_abbrev  0x000004a4      0x150 .\CortexM3\ARM_GCC_541\Debug\utils.o
 .debug_abbrev  0x000005f4      0x20d .\CortexM3\ARM_GCC_541\Debug\cyfitter_cfg.o
 .debug_abbrev  0x00000801       0x77 .\CortexM3\ARM_GCC_541\Debug\cymetadata.o
 .debug_abbrev  0x00000878      0x1e8 .\CortexM3\ARM_GCC_541\Debug\Cm3Start.o
 .debug_abbrev  0x00000a60      0x175 .\CortexM3\ARM_GCC_541\Debug\BioLock.a(UART.o)
 .debug_abbrev  0x00000bd5      0x10a .\CortexM3\ARM_GCC_541\Debug\BioLock.a(I2C.o)
 .debug_abbrev  0x00000cdf       0xb6 .\CortexM3\ARM_GCC_541\Debug\BioLock.a(I2C_INT.o)
 .debug_abbrev  0x00000d95       0xfe .\CortexM3\ARM_GCC_541\Debug\BioLock.a(I2C_PM.o)
 .debug_abbrev  0x00000e93      0x13c .\CortexM3\ARM_GCC_541\Debug\BioLock.a(I2C_MASTER.o)
 .debug_abbrev  0x00000fcf      0x139 .\CortexM3\ARM_GCC_541\Debug\BioLock.a(MotorCLK.o)
 .debug_abbrev  0x00001108      0x11a .\CortexM3\ARM_GCC_541\Debug\BioLock.a(MotorTimer.o)
 .debug_abbrev  0x00001222      0x18f .\CortexM3\ARM_GCC_541\Debug\BioLock.a(MotorISR.o)
 .debug_abbrev  0x000013b1      0x191 .\CortexM3\ARM_GCC_541\Debug\BioLock.a(ENCISR.o)
 .debug_abbrev  0x00001542      0x139 .\CortexM3\ARM_GCC_541\Debug\BioLock.a(DebounceCLK.o)
 .debug_abbrev  0x0000167b      0x18f .\CortexM3\ARM_GCC_541\Debug\BioLock.a(CycleISR.o)
 .debug_abbrev  0x0000180a      0x19c .\CortexM3\ARM_GCC_541\Debug\BioLock.a(ConfirmISR.o)
 .debug_abbrev  0x000019a6      0x191 .\CortexM3\ARM_GCC_541\Debug\BioLock.a(OverwriteISR.o)
 .debug_abbrev  0x00001b37      0x1b2 .\CortexM3\ARM_GCC_541\Debug\BioLock.a(ForwardISR.o)
 .debug_abbrev  0x00001ce9      0x1b2 .\CortexM3\ARM_GCC_541\Debug\BioLock.a(BackISR.o)
 .debug_abbrev  0x00001e9b       0x90 .\CortexM3\ARM_GCC_541\Debug\BioLock.a(Solenoid.o)
 .debug_abbrev  0x00001f2b      0x139 .\CortexM3\ARM_GCC_541\Debug\BioLock.a(UART_IntClock.o)
 .debug_abbrev  0x00002064      0x254 .\CortexM3\ARM_GCC_541\Debug\BioLock.a(CyLib.o)
 .debug_abbrev  0x000022b8      0x1ab .\CortexM3\ARM_GCC_541\Debug\BioLock.a(cyPm.o)
 .debug_abbrev  0x00002463      0x1a0 .\CortexM3\ARM_GCC_541\Debug\BioLock.a(LCD_I2C_FUNCS.o)
 .debug_abbrev  0x00002603      0x17d .\CortexM3\ARM_GCC_541\Debug\BioLock.a(ICPCK_ISR.o)
 .debug_abbrev  0x00002780       0x90 .\CortexM3\ARM_GCC_541\Debug\BioLock.a(ICPCK.o)
 .debug_abbrev  0x00002810       0x14 .\CortexM3\ARM_GCC_541\Debug\BioLock.a(CyBootAsmGnu.o)
 .debug_abbrev  0x00002824       0x90 .\CortexM3\ARM_GCC_541\Debug\BioLock.a(Motor.o)
 .debug_abbrev  0x000028b4       0x90 .\CortexM3\ARM_GCC_541\Debug\BioLock.a(ENC.o)
 .debug_abbrev  0x00002944      0x1a7 .\CortexM3\ARM_GCC_541\Debug\BioLock.a(CyFlash.o)
 .debug_abbrev  0x00002aeb      0x194 .\CortexM3\ARM_GCC_541\Debug\BioLock.a(CySpc.o)
 .debug_abbrev  0x00002c7f       0xb4 .\CortexM3\ARM_GCC_541\Debug\BioLock.a(LCD_I2C_LL_I2C.o)

.debug_line     0x00000000     0x4ada
 *(.debug_line)
 .debug_line    0x00000000      0x30b .\CortexM3\ARM_GCC_541\Debug\main.o
 .debug_line    0x0000030b      0x3ec .\CortexM3\ARM_GCC_541\Debug\FPS_Utils.o
 .debug_line    0x000006f7      0x802 .\CortexM3\ARM_GCC_541\Debug\GT521F32.o
 .debug_line    0x00000ef9      0x2a3 .\CortexM3\ARM_GCC_541\Debug\utils.o
 .debug_line    0x0000119c      0x1f9 .\CortexM3\ARM_GCC_541\Debug\cyfitter_cfg.o
 .debug_line    0x00001395      0x141 .\CortexM3\ARM_GCC_541\Debug\cymetadata.o
 .debug_line    0x000014d6      0x234 .\CortexM3\ARM_GCC_541\Debug\Cm3Start.o
 .debug_line    0x0000170a      0x2bc .\CortexM3\ARM_GCC_541\Debug\BioLock.a(UART.o)
 .debug_line    0x000019c6       0xd9 .\CortexM3\ARM_GCC_541\Debug\BioLock.a(I2C.o)
 .debug_line    0x00001a9f      0x114 .\CortexM3\ARM_GCC_541\Debug\BioLock.a(I2C_INT.o)
 .debug_line    0x00001bb3       0xbb .\CortexM3\ARM_GCC_541\Debug\BioLock.a(I2C_PM.o)
 .debug_line    0x00001c6e      0x1fd .\CortexM3\ARM_GCC_541\Debug\BioLock.a(I2C_MASTER.o)
 .debug_line    0x00001e6b      0x177 .\CortexM3\ARM_GCC_541\Debug\BioLock.a(MotorCLK.o)
 .debug_line    0x00001fe2      0x158 .\CortexM3\ARM_GCC_541\Debug\BioLock.a(MotorTimer.o)
 .debug_line    0x0000213a      0x162 .\CortexM3\ARM_GCC_541\Debug\BioLock.a(MotorISR.o)
 .debug_line    0x0000229c      0x213 .\CortexM3\ARM_GCC_541\Debug\BioLock.a(ENCISR.o)
 .debug_line    0x000024af      0x17a .\CortexM3\ARM_GCC_541\Debug\BioLock.a(DebounceCLK.o)
 .debug_line    0x00002629      0x1f8 .\CortexM3\ARM_GCC_541\Debug\BioLock.a(CycleISR.o)
 .debug_line    0x00002821      0x200 .\CortexM3\ARM_GCC_541\Debug\BioLock.a(ConfirmISR.o)
 .debug_line    0x00002a21      0x1ee .\CortexM3\ARM_GCC_541\Debug\BioLock.a(OverwriteISR.o)
 .debug_line    0x00002c0f      0x1ff .\CortexM3\ARM_GCC_541\Debug\BioLock.a(ForwardISR.o)
 .debug_line    0x00002e0e      0x1fc .\CortexM3\ARM_GCC_541\Debug\BioLock.a(BackISR.o)
 .debug_line    0x0000300a       0x95 .\CortexM3\ARM_GCC_541\Debug\BioLock.a(Solenoid.o)
 .debug_line    0x0000309f      0x17c .\CortexM3\ARM_GCC_541\Debug\BioLock.a(UART_IntClock.o)
 .debug_line    0x0000321b      0x816 .\CortexM3\ARM_GCC_541\Debug\BioLock.a(CyLib.o)
 .debug_line    0x00003a31      0x367 .\CortexM3\ARM_GCC_541\Debug\BioLock.a(cyPm.o)
 .debug_line    0x00003d98      0x3d2 .\CortexM3\ARM_GCC_541\Debug\BioLock.a(LCD_I2C_FUNCS.o)
 .debug_line    0x0000416a      0x144 .\CortexM3\ARM_GCC_541\Debug\BioLock.a(ICPCK_ISR.o)
 .debug_line    0x000042ae       0x92 .\CortexM3\ARM_GCC_541\Debug\BioLock.a(ICPCK.o)
 .debug_line    0x00004340       0x66 .\CortexM3\ARM_GCC_541\Debug\BioLock.a(CyBootAsmGnu.o)
 .debug_line    0x000043a6       0x95 .\CortexM3\ARM_GCC_541\Debug\BioLock.a(Motor.o)
 .debug_line    0x0000443b       0xb7 .\CortexM3\ARM_GCC_541\Debug\BioLock.a(ENC.o)
 .debug_line    0x000044f2      0x21a .\CortexM3\ARM_GCC_541\Debug\BioLock.a(CyFlash.o)
 .debug_line    0x0000470c      0x260 .\CortexM3\ARM_GCC_541\Debug\BioLock.a(CySpc.o)
 .debug_line    0x0000496c      0x16e .\CortexM3\ARM_GCC_541\Debug\BioLock.a(LCD_I2C_LL_I2C.o)

.debug_frame    0x00000000     0x2fbc
 *(.debug_frame)
 .debug_frame   0x00000000       0x70 .\CortexM3\ARM_GCC_541\Debug\main.o
 .debug_frame   0x00000070       0xdc .\CortexM3\ARM_GCC_541\Debug\FPS_Utils.o
 .debug_frame   0x0000014c      0x5e0 .\CortexM3\ARM_GCC_541\Debug\GT521F32.o
 .debug_frame   0x0000072c       0xc4 .\CortexM3\ARM_GCC_541\Debug\utils.o
 .debug_frame   0x000007f0       0xe4 .\CortexM3\ARM_GCC_541\Debug\cyfitter_cfg.o
 .debug_frame   0x000008d4       0xb8 .\CortexM3\ARM_GCC_541\Debug\Cm3Start.o
 .debug_frame   0x0000098c      0x250 .\CortexM3\ARM_GCC_541\Debug\BioLock.a(UART.o)
 .debug_frame   0x00000bdc       0x94 .\CortexM3\ARM_GCC_541\Debug\BioLock.a(I2C.o)
 .debug_frame   0x00000c70       0x30 .\CortexM3\ARM_GCC_541\Debug\BioLock.a(I2C_INT.o)
 .debug_frame   0x00000ca0       0x74 .\CortexM3\ARM_GCC_541\Debug\BioLock.a(I2C_PM.o)
 .debug_frame   0x00000d14      0x138 .\CortexM3\ARM_GCC_541\Debug\BioLock.a(I2C_MASTER.o)
 .debug_frame   0x00000e4c       0xe0 .\CortexM3\ARM_GCC_541\Debug\BioLock.a(MotorCLK.o)
 .debug_frame   0x00000f2c      0x108 .\CortexM3\ARM_GCC_541\Debug\BioLock.a(MotorTimer.o)
 .debug_frame   0x00001034      0x110 .\CortexM3\ARM_GCC_541\Debug\BioLock.a(MotorISR.o)
 .debug_frame   0x00001144      0x114 .\CortexM3\ARM_GCC_541\Debug\BioLock.a(ENCISR.o)
 .debug_frame   0x00001258       0xe0 .\CortexM3\ARM_GCC_541\Debug\BioLock.a(DebounceCLK.o)
 .debug_frame   0x00001338      0x11c .\CortexM3\ARM_GCC_541\Debug\BioLock.a(CycleISR.o)
 .debug_frame   0x00001454      0x114 .\CortexM3\ARM_GCC_541\Debug\BioLock.a(ConfirmISR.o)
 .debug_frame   0x00001568      0x118 .\CortexM3\ARM_GCC_541\Debug\BioLock.a(OverwriteISR.o)
 .debug_frame   0x00001680      0x118 .\CortexM3\ARM_GCC_541\Debug\BioLock.a(ForwardISR.o)
 .debug_frame   0x00001798      0x118 .\CortexM3\ARM_GCC_541\Debug\BioLock.a(BackISR.o)
 .debug_frame   0x000018b0       0x50 .\CortexM3\ARM_GCC_541\Debug\BioLock.a(Solenoid.o)
 .debug_frame   0x00001900       0xe0 .\CortexM3\ARM_GCC_541\Debug\BioLock.a(UART_IntClock.o)
 .debug_frame   0x000019e0      0x738 .\CortexM3\ARM_GCC_541\Debug\BioLock.a(CyLib.o)
 .debug_frame   0x00002118      0x1f8 .\CortexM3\ARM_GCC_541\Debug\BioLock.a(cyPm.o)
 .debug_frame   0x00002310      0x348 .\CortexM3\ARM_GCC_541\Debug\BioLock.a(LCD_I2C_FUNCS.o)
 .debug_frame   0x00002658      0x110 .\CortexM3\ARM_GCC_541\Debug\BioLock.a(ICPCK_ISR.o)
 .debug_frame   0x00002768       0x50 .\CortexM3\ARM_GCC_541\Debug\BioLock.a(ICPCK.o)
 .debug_frame   0x000027b8       0x50 .\CortexM3\ARM_GCC_541\Debug\BioLock.a(Motor.o)
 .debug_frame   0x00002808       0x70 .\CortexM3\ARM_GCC_541\Debug\BioLock.a(ENC.o)
 .debug_frame   0x00002878      0x194 .\CortexM3\ARM_GCC_541\Debug\BioLock.a(CyFlash.o)
 .debug_frame   0x00002a0c      0x180 .\CortexM3\ARM_GCC_541\Debug\BioLock.a(CySpc.o)
 .debug_frame   0x00002b8c       0x2c .\CortexM3\ARM_GCC_541\Debug\BioLock.a(LCD_I2C_LL_I2C.o)
 .debug_frame   0x00002bb8       0x20 c:/program files (x86)/cypress/psoc creator/4.2/psoc creator/import/gnu/arm/5.4.1/bin/../lib/gcc/arm-none-eabi/5.4.1/../../../../arm-none-eabi/lib/armv7-m\libg_nano.a(lib_a-errno.o)
 .debug_frame   0x00002bd8       0x28 c:/program files (x86)/cypress/psoc creator/4.2/psoc creator/import/gnu/arm/5.4.1/bin/../lib/gcc/arm-none-eabi/5.4.1/../../../../arm-none-eabi/lib/armv7-m\libg_nano.a(lib_a-exit.o)
 .debug_frame   0x00002c00       0x2c c:/program files (x86)/cypress/psoc creator/4.2/psoc creator/import/gnu/arm/5.4.1/bin/../lib/gcc/arm-none-eabi/5.4.1/../../../../arm-none-eabi/lib/armv7-m\libg_nano.a(lib_a-init.o)
 .debug_frame   0x00002c2c       0x28 c:/program files (x86)/cypress/psoc creator/4.2/psoc creator/import/gnu/arm/5.4.1/bin/../lib/gcc/arm-none-eabi/5.4.1/../../../../arm-none-eabi/lib/armv7-m\libg_nano.a(lib_a-memcpy-stub.o)
 .debug_frame   0x00002c54       0x20 c:/program files (x86)/cypress/psoc creator/4.2/psoc creator/import/gnu/arm/5.4.1/bin/../lib/gcc/arm-none-eabi/5.4.1/../../../../arm-none-eabi/lib/armv7-m\libg_nano.a(lib_a-memset.o)
 .debug_frame   0x00002c74       0x70 c:/program files (x86)/cypress/psoc creator/4.2/psoc creator/import/gnu/arm/5.4.1/bin/../lib/gcc/arm-none-eabi/5.4.1/../../../../arm-none-eabi/lib/armv7-m\libg_nano.a(lib_a-sprintf.o)
 .debug_frame   0x00002ce4       0x20 c:/program files (x86)/cypress/psoc creator/4.2/psoc creator/import/gnu/arm/5.4.1/bin/../lib/gcc/arm-none-eabi/5.4.1/../../../../arm-none-eabi/lib/armv7-m\libg_nano.a(lib_a-strcmp.o)
 .debug_frame   0x00002d04       0x90 c:/program files (x86)/cypress/psoc creator/4.2/psoc creator/import/gnu/arm/5.4.1/bin/../lib/gcc/arm-none-eabi/5.4.1/../../../../arm-none-eabi/lib/armv7-m\libg_nano.a(lib_a-nano-svfprintf.o)
 .debug_frame   0x00002d94       0x60 c:/program files (x86)/cypress/psoc creator/4.2/psoc creator/import/gnu/arm/5.4.1/bin/../lib/gcc/arm-none-eabi/5.4.1/../../../../arm-none-eabi/lib/armv7-m\libg_nano.a(lib_a-nano-vfprintf_i.o)
 .debug_frame   0x00002df4       0x28 c:/program files (x86)/cypress/psoc creator/4.2/psoc creator/import/gnu/arm/5.4.1/bin/../lib/gcc/arm-none-eabi/5.4.1/../../../../arm-none-eabi/lib/armv7-m\libg_nano.a(lib_a-memchr-stub.o)
 .debug_frame   0x00002e1c       0x28 c:/program files (x86)/cypress/psoc creator/4.2/psoc creator/import/gnu/arm/5.4.1/bin/../lib/gcc/arm-none-eabi/5.4.1/../../../../arm-none-eabi/lib/armv7-m\libg_nano.a(lib_a-memmove.o)
 .debug_frame   0x00002e44       0x38 c:/program files (x86)/cypress/psoc creator/4.2/psoc creator/import/gnu/arm/5.4.1/bin/../lib/gcc/arm-none-eabi/5.4.1/../../../../arm-none-eabi/lib/armv7-m\libg_nano.a(lib_a-nano-freer.o)
 .debug_frame   0x00002e7c       0x2c c:/program files (x86)/cypress/psoc creator/4.2/psoc creator/import/gnu/arm/5.4.1/bin/../lib/gcc/arm-none-eabi/5.4.1/../../../../arm-none-eabi/lib/armv7-m\libg_nano.a(lib_a-nano-mallocr.o)
 .debug_frame   0x00002ea8       0x3c c:/program files (x86)/cypress/psoc creator/4.2/psoc creator/import/gnu/arm/5.4.1/bin/../lib/gcc/arm-none-eabi/5.4.1/../../../../arm-none-eabi/lib/armv7-m\libg_nano.a(lib_a-nano-reallocr.o)
 .debug_frame   0x00002ee4       0x2c c:/program files (x86)/cypress/psoc creator/4.2/psoc creator/import/gnu/arm/5.4.1/bin/../lib/gcc/arm-none-eabi/5.4.1/../../../../arm-none-eabi/lib/armv7-m\libg_nano.a(lib_a-sbrkr.o)
 .debug_frame   0x00002f10       0x30 c:/program files (x86)/cypress/psoc creator/4.2/psoc creator/import/gnu/arm/5.4.1/bin/../lib/gcc/arm-none-eabi/5.4.1/../../../../arm-none-eabi/lib/armv7-m\libg_nano.a(lib_a-mlock.o)
 .debug_frame   0x00002f40       0x20 c:/program files (x86)/cypress/psoc creator/4.2/psoc creator/import/gnu/arm/5.4.1/bin/../lib/gcc/arm-none-eabi/5.4.1/../../../../arm-none-eabi/lib/armv7-m\libg_nano.a(lib_a-nano-msizer.o)
 .debug_frame   0x00002f60       0x5c c:/program files (x86)/cypress/psoc creator/4.2/psoc creator/import/gnu/arm/5.4.1/bin/../lib/gcc/arm-none-eabi/5.4.1/../../../../arm-none-eabi/lib/armv7-m\libg_nano.a(lib_a-reent.o)

.debug_str      0x00000000     0x31b0
 *(.debug_str)
 .debug_str     0x00000000      0x2db .\CortexM3\ARM_GCC_541\Debug\main.o
                                0x333 (size before relaxing)
 .debug_str     0x000002db      0x195 .\CortexM3\ARM_GCC_541\Debug\FPS_Utils.o
                                0x33a (size before relaxing)
 .debug_str     0x00000470      0x3b5 .\CortexM3\ARM_GCC_541\Debug\GT521F32.o
                                0x6b3 (size before relaxing)
 .debug_str     0x00000825       0xa7 .\CortexM3\ARM_GCC_541\Debug\utils.o
                                0x244 (size before relaxing)
 .debug_str     0x000008cc      0x1a8 .\CortexM3\ARM_GCC_541\Debug\cyfitter_cfg.o
                                0x327 (size before relaxing)
 .debug_str     0x00000a74       0x75 .\CortexM3\ARM_GCC_541\Debug\cymetadata.o
                                0x1c7 (size before relaxing)
 .debug_str     0x00000ae9      0x144 .\CortexM3\ARM_GCC_541\Debug\Cm3Start.o
                                0x2ed (size before relaxing)
 .debug_str     0x00000c2d      0x27c .\CortexM3\ARM_GCC_541\Debug\BioLock.a(UART.o)
                                0x458 (size before relaxing)
 .debug_str     0x00000ea9       0xf4 .\CortexM3\ARM_GCC_541\Debug\BioLock.a(I2C.o)
                                0x2c4 (size before relaxing)
 .debug_str     0x00000f9d       0x86 .\CortexM3\ARM_GCC_541\Debug\BioLock.a(I2C_INT.o)
                                0x242 (size before relaxing)
 .debug_str     0x00001023       0x56 .\CortexM3\ARM_GCC_541\Debug\BioLock.a(I2C_PM.o)
                                0x260 (size before relaxing)
 .debug_str     0x00001079      0x12e .\CortexM3\ARM_GCC_541\Debug\BioLock.a(I2C_MASTER.o)
                                0x387 (size before relaxing)
 .debug_str     0x000011a7      0x15f .\CortexM3\ARM_GCC_541\Debug\BioLock.a(MotorCLK.o)
                                0x2dd (size before relaxing)
 .debug_str     0x00001306      0x199 .\CortexM3\ARM_GCC_541\Debug\BioLock.a(MotorTimer.o)
                                0x328 (size before relaxing)
 .debug_str     0x0000149f      0x136 .\CortexM3\ARM_GCC_541\Debug\BioLock.a(MotorISR.o)
                                0x2ee (size before relaxing)
 .debug_str     0x000015d5      0x103 .\CortexM3\ARM_GCC_541\Debug\BioLock.a(ENCISR.o)
                                0x335 (size before relaxing)
 .debug_str     0x000016d8      0x135 .\CortexM3\ARM_GCC_541\Debug\BioLock.a(DebounceCLK.o)
                                0x301 (size before relaxing)
 .debug_str     0x0000180d      0x11a .\CortexM3\ARM_GCC_541\Debug\BioLock.a(CycleISR.o)
                                0x38f (size before relaxing)
 .debug_str     0x00001927      0x12a .\CortexM3\ARM_GCC_541\Debug\BioLock.a(ConfirmISR.o)
                                0x35e (size before relaxing)
 .debug_str     0x00001a51      0x13d .\CortexM3\ARM_GCC_541\Debug\BioLock.a(OverwriteISR.o)
                                0x394 (size before relaxing)
 .debug_str     0x00001b8e      0x11b .\CortexM3\ARM_GCC_541\Debug\BioLock.a(ForwardISR.o)
                                0x35a (size before relaxing)
 .debug_str     0x00001ca9       0xf4 .\CortexM3\ARM_GCC_541\Debug\BioLock.a(BackISR.o)
                                0x330 (size before relaxing)
 .debug_str     0x00001d9d       0x66 .\CortexM3\ARM_GCC_541\Debug\BioLock.a(Solenoid.o)
                                0x1d4 (size before relaxing)
 .debug_str     0x00001e03      0x138 .\CortexM3\ARM_GCC_541\Debug\BioLock.a(UART_IntClock.o)
                                0x319 (size before relaxing)
 .debug_str     0x00001f3b      0x7ca .\CortexM3\ARM_GCC_541\Debug\BioLock.a(CyLib.o)
                                0xa2a (size before relaxing)
 .debug_str     0x00002705      0x365 .\CortexM3\ARM_GCC_541\Debug\BioLock.a(cyPm.o)
                                0x716 (size before relaxing)
 .debug_str     0x00002a6a      0x2af .\CortexM3\ARM_GCC_541\Debug\BioLock.a(LCD_I2C_FUNCS.o)
                                0x4cc (size before relaxing)
 .debug_str     0x00002d19      0x10e .\CortexM3\ARM_GCC_541\Debug\BioLock.a(ICPCK_ISR.o)
                                0x2e7 (size before relaxing)
 .debug_str     0x00002e27       0x50 .\CortexM3\ARM_GCC_541\Debug\BioLock.a(ICPCK.o)
                                0x1c5 (size before relaxing)
 .debug_str     0x00002e77       0x44 .\CortexM3\ARM_GCC_541\Debug\BioLock.a(Motor.o)
                                0x1c5 (size before relaxing)
 .debug_str     0x00002ebb       0x66 .\CortexM3\ARM_GCC_541\Debug\BioLock.a(ENC.o)
                                0x1f3 (size before relaxing)
 .debug_str     0x00002f21      0x1bb .\CortexM3\ARM_GCC_541\Debug\BioLock.a(CyFlash.o)
                                0x3a3 (size before relaxing)
 .debug_str     0x000030dc       0xac .\CortexM3\ARM_GCC_541\Debug\BioLock.a(CySpc.o)
                                0x31b (size before relaxing)
 .debug_str     0x00003188       0x28 .\CortexM3\ARM_GCC_541\Debug\BioLock.a(LCD_I2C_LL_I2C.o)
                                0x20e (size before relaxing)

.debug_loc      0x00000000     0x49d1
 *(.debug_loc)
 .debug_loc     0x00000000       0x7c .\CortexM3\ARM_GCC_541\Debug\main.o
 .debug_loc     0x0000007c      0x309 .\CortexM3\ARM_GCC_541\Debug\FPS_Utils.o
 .debug_loc     0x00000385     0x179f .\CortexM3\ARM_GCC_541\Debug\GT521F32.o
 .debug_loc     0x00001b24      0x225 .\CortexM3\ARM_GCC_541\Debug\utils.o
 .debug_loc     0x00001d49      0x289 .\CortexM3\ARM_GCC_541\Debug\cyfitter_cfg.o
 .debug_loc     0x00001fd2      0x144 .\CortexM3\ARM_GCC_541\Debug\Cm3Start.o
 .debug_loc     0x00002116      0x258 .\CortexM3\ARM_GCC_541\Debug\BioLock.a(UART.o)
 .debug_loc     0x0000236e       0x39 .\CortexM3\ARM_GCC_541\Debug\BioLock.a(I2C.o)
 .debug_loc     0x000023a7       0x29 .\CortexM3\ARM_GCC_541\Debug\BioLock.a(I2C_INT.o)
 .debug_loc     0x000023d0       0x13 .\CortexM3\ARM_GCC_541\Debug\BioLock.a(I2C_PM.o)
 .debug_loc     0x000023e3      0x52f .\CortexM3\ARM_GCC_541\Debug\BioLock.a(I2C_MASTER.o)
 .debug_loc     0x00002912      0x128 .\CortexM3\ARM_GCC_541\Debug\BioLock.a(MotorCLK.o)
 .debug_loc     0x00002a3a       0x56 .\CortexM3\ARM_GCC_541\Debug\BioLock.a(MotorISR.o)
 .debug_loc     0x00002a90       0x56 .\CortexM3\ARM_GCC_541\Debug\BioLock.a(ENCISR.o)
 .debug_loc     0x00002ae6      0x128 .\CortexM3\ARM_GCC_541\Debug\BioLock.a(DebounceCLK.o)
 .debug_loc     0x00002c0e       0x56 .\CortexM3\ARM_GCC_541\Debug\BioLock.a(CycleISR.o)
 .debug_loc     0x00002c64       0x56 .\CortexM3\ARM_GCC_541\Debug\BioLock.a(ConfirmISR.o)
 .debug_loc     0x00002cba       0x56 .\CortexM3\ARM_GCC_541\Debug\BioLock.a(OverwriteISR.o)
 .debug_loc     0x00002d10       0x56 .\CortexM3\ARM_GCC_541\Debug\BioLock.a(ForwardISR.o)
 .debug_loc     0x00002d66       0x56 .\CortexM3\ARM_GCC_541\Debug\BioLock.a(BackISR.o)
 .debug_loc     0x00002dbc       0x42 .\CortexM3\ARM_GCC_541\Debug\BioLock.a(Solenoid.o)
 .debug_loc     0x00002dfe      0x12c .\CortexM3\ARM_GCC_541\Debug\BioLock.a(UART_IntClock.o)
 .debug_loc     0x00002f2a      0xa11 .\CortexM3\ARM_GCC_541\Debug\BioLock.a(CyLib.o)
 .debug_loc     0x0000393b      0x1e4 .\CortexM3\ARM_GCC_541\Debug\BioLock.a(cyPm.o)
 .debug_loc     0x00003b1f      0x25b .\CortexM3\ARM_GCC_541\Debug\BioLock.a(LCD_I2C_FUNCS.o)
 .debug_loc     0x00003d7a       0x56 .\CortexM3\ARM_GCC_541\Debug\BioLock.a(ICPCK_ISR.o)
 .debug_loc     0x00003dd0       0x42 .\CortexM3\ARM_GCC_541\Debug\BioLock.a(ICPCK.o)
 .debug_loc     0x00003e12       0x42 .\CortexM3\ARM_GCC_541\Debug\BioLock.a(Motor.o)
 .debug_loc     0x00003e54       0x84 .\CortexM3\ARM_GCC_541\Debug\BioLock.a(ENC.o)
 .debug_loc     0x00003ed8      0x3b2 .\CortexM3\ARM_GCC_541\Debug\BioLock.a(CyFlash.o)
 .debug_loc     0x0000428a      0x705 .\CortexM3\ARM_GCC_541\Debug\BioLock.a(CySpc.o)
 .debug_loc     0x0000498f       0x42 .\CortexM3\ARM_GCC_541\Debug\BioLock.a(LCD_I2C_LL_I2C.o)

.debug_macinfo
 *(.debug_macinfo)

.debug_ranges   0x00000000      0xf70
 *(.debug_ranges)
 .debug_ranges  0x00000000       0x20 .\CortexM3\ARM_GCC_541\Debug\main.o
 .debug_ranges  0x00000020       0x40 .\CortexM3\ARM_GCC_541\Debug\FPS_Utils.o
 .debug_ranges  0x00000060      0x1e0 .\CortexM3\ARM_GCC_541\Debug\GT521F32.o
 .debug_ranges  0x00000240       0x38 .\CortexM3\ARM_GCC_541\Debug\utils.o
 .debug_ranges  0x00000278       0x48 .\CortexM3\ARM_GCC_541\Debug\cyfitter_cfg.o
 .debug_ranges  0x000002c0       0x38 .\CortexM3\ARM_GCC_541\Debug\Cm3Start.o
 .debug_ranges  0x000002f8       0xe0 .\CortexM3\ARM_GCC_541\Debug\BioLock.a(UART.o)
 .debug_ranges  0x000003d8       0x28 .\CortexM3\ARM_GCC_541\Debug\BioLock.a(I2C.o)
 .debug_ranges  0x00000400       0x10 .\CortexM3\ARM_GCC_541\Debug\BioLock.a(I2C_INT.o)
 .debug_ranges  0x00000410       0x28 .\CortexM3\ARM_GCC_541\Debug\BioLock.a(I2C_PM.o)
 .debug_ranges  0x00000438       0x70 .\CortexM3\ARM_GCC_541\Debug\BioLock.a(I2C_MASTER.o)
 .debug_ranges  0x000004a8       0x60 .\CortexM3\ARM_GCC_541\Debug\BioLock.a(MotorCLK.o)
 .debug_ranges  0x00000508       0x78 .\CortexM3\ARM_GCC_541\Debug\BioLock.a(MotorTimer.o)
 .debug_ranges  0x00000580       0x70 .\CortexM3\ARM_GCC_541\Debug\BioLock.a(MotorISR.o)
 .debug_ranges  0x000005f0       0x70 .\CortexM3\ARM_GCC_541\Debug\BioLock.a(ENCISR.o)
 .debug_ranges  0x00000660       0x60 .\CortexM3\ARM_GCC_541\Debug\BioLock.a(DebounceCLK.o)
 .debug_ranges  0x000006c0       0x70 .\CortexM3\ARM_GCC_541\Debug\BioLock.a(CycleISR.o)
 .debug_ranges  0x00000730       0x70 .\CortexM3\ARM_GCC_541\Debug\BioLock.a(ConfirmISR.o)
 .debug_ranges  0x000007a0       0x70 .\CortexM3\ARM_GCC_541\Debug\BioLock.a(OverwriteISR.o)
 .debug_ranges  0x00000810       0x70 .\CortexM3\ARM_GCC_541\Debug\BioLock.a(ForwardISR.o)
 .debug_ranges  0x00000880       0x70 .\CortexM3\ARM_GCC_541\Debug\BioLock.a(BackISR.o)
 .debug_ranges  0x000008f0       0x28 .\CortexM3\ARM_GCC_541\Debug\BioLock.a(Solenoid.o)
 .debug_ranges  0x00000918       0x60 .\CortexM3\ARM_GCC_541\Debug\BioLock.a(UART_IntClock.o)
 .debug_ranges  0x00000978      0x290 .\CortexM3\ARM_GCC_541\Debug\BioLock.a(CyLib.o)
 .debug_ranges  0x00000c08       0x88 .\CortexM3\ARM_GCC_541\Debug\BioLock.a(cyPm.o)
 .debug_ranges  0x00000c90       0xf0 .\CortexM3\ARM_GCC_541\Debug\BioLock.a(LCD_I2C_FUNCS.o)
 .debug_ranges  0x00000d80       0x70 .\CortexM3\ARM_GCC_541\Debug\BioLock.a(ICPCK_ISR.o)
 .debug_ranges  0x00000df0       0x28 .\CortexM3\ARM_GCC_541\Debug\BioLock.a(ICPCK.o)
 .debug_ranges  0x00000e18       0x28 .\CortexM3\ARM_GCC_541\Debug\BioLock.a(Motor.o)
 .debug_ranges  0x00000e40       0x38 .\CortexM3\ARM_GCC_541\Debug\BioLock.a(ENC.o)
 .debug_ranges  0x00000e78       0x78 .\CortexM3\ARM_GCC_541\Debug\BioLock.a(CyFlash.o)
 .debug_ranges  0x00000ef0       0x70 .\CortexM3\ARM_GCC_541\Debug\BioLock.a(CySpc.o)
 .debug_ranges  0x00000f60       0x10 .\CortexM3\ARM_GCC_541\Debug\BioLock.a(LCD_I2C_LL_I2C.o)

.comment        0x00000000       0x6e
 .comment       0x00000000       0x6e .\CortexM3\ARM_GCC_541\Debug\main.o
                                 0x6f (size before relaxing)
 .comment       0x0000006e       0x6f .\CortexM3\ARM_GCC_541\Debug\FPS_Utils.o
 .comment       0x0000006e       0x6f .\CortexM3\ARM_GCC_541\Debug\GT521F32.o
 .comment       0x0000006e       0x6f .\CortexM3\ARM_GCC_541\Debug\utils.o
 .comment       0x0000006e       0x6f .\CortexM3\ARM_GCC_541\Debug\cyfitter_cfg.o
 .comment       0x0000006e       0x6f .\CortexM3\ARM_GCC_541\Debug\cymetadata.o
 .comment       0x0000006e       0x6f .\CortexM3\ARM_GCC_541\Debug\Cm3Start.o
 .comment       0x0000006e       0x6f .\CortexM3\ARM_GCC_541\Debug\BioLock.a(UART.o)
 .comment       0x0000006e       0x6f .\CortexM3\ARM_GCC_541\Debug\BioLock.a(I2C.o)
 .comment       0x0000006e       0x6f .\CortexM3\ARM_GCC_541\Debug\BioLock.a(I2C_INT.o)
 .comment       0x0000006e       0x6f .\CortexM3\ARM_GCC_541\Debug\BioLock.a(I2C_PM.o)
 .comment       0x0000006e       0x6f .\CortexM3\ARM_GCC_541\Debug\BioLock.a(I2C_MASTER.o)
 .comment       0x0000006e       0x6f .\CortexM3\ARM_GCC_541\Debug\BioLock.a(MotorCLK.o)
 .comment       0x0000006e       0x6f .\CortexM3\ARM_GCC_541\Debug\BioLock.a(MotorTimer.o)
 .comment       0x0000006e       0x6f .\CortexM3\ARM_GCC_541\Debug\BioLock.a(MotorISR.o)
 .comment       0x0000006e       0x6f .\CortexM3\ARM_GCC_541\Debug\BioLock.a(ENCISR.o)
 .comment       0x0000006e       0x6f .\CortexM3\ARM_GCC_541\Debug\BioLock.a(DebounceCLK.o)
 .comment       0x0000006e       0x6f .\CortexM3\ARM_GCC_541\Debug\BioLock.a(CycleISR.o)
 .comment       0x0000006e       0x6f .\CortexM3\ARM_GCC_541\Debug\BioLock.a(ConfirmISR.o)
 .comment       0x0000006e       0x6f .\CortexM3\ARM_GCC_541\Debug\BioLock.a(OverwriteISR.o)
 .comment       0x0000006e       0x6f .\CortexM3\ARM_GCC_541\Debug\BioLock.a(ForwardISR.o)
 .comment       0x0000006e       0x6f .\CortexM3\ARM_GCC_541\Debug\BioLock.a(BackISR.o)
 .comment       0x0000006e       0x6f .\CortexM3\ARM_GCC_541\Debug\BioLock.a(Solenoid.o)
 .comment       0x0000006e       0x6f .\CortexM3\ARM_GCC_541\Debug\BioLock.a(UART_IntClock.o)
 .comment       0x0000006e       0x6f .\CortexM3\ARM_GCC_541\Debug\BioLock.a(CyLib.o)
 .comment       0x0000006e       0x6f .\CortexM3\ARM_GCC_541\Debug\BioLock.a(cyPm.o)
 .comment       0x0000006e       0x6f .\CortexM3\ARM_GCC_541\Debug\BioLock.a(LCD_I2C_FUNCS.o)
 .comment       0x0000006e       0x6f .\CortexM3\ARM_GCC_541\Debug\BioLock.a(ICPCK_ISR.o)
 .comment       0x0000006e       0x6f .\CortexM3\ARM_GCC_541\Debug\BioLock.a(ICPCK.o)
 .comment       0x0000006e       0x6f .\CortexM3\ARM_GCC_541\Debug\BioLock.a(Motor.o)
 .comment       0x0000006e       0x6f .\CortexM3\ARM_GCC_541\Debug\BioLock.a(ENC.o)
 .comment       0x0000006e       0x6f .\CortexM3\ARM_GCC_541\Debug\BioLock.a(CyFlash.o)
 .comment       0x0000006e       0x6f .\CortexM3\ARM_GCC_541\Debug\BioLock.a(CySpc.o)
 .comment       0x0000006e       0x6f .\CortexM3\ARM_GCC_541\Debug\BioLock.a(LCD_I2C_LL_I2C.o)

.debug_weaknames
 *(.debug_weaknames)

.debug_funcnames
 *(.debug_funcnames)

.debug_typenames
 *(.debug_typenames)

.debug_varnames
 *(.debug_varnames)

.note.gnu.arm.ident
 *(.note.gnu.arm.ident)

.ARM.attributes
                0x00000000       0x29
 *(.ARM.attributes)
 .ARM.attributes
                0x00000000       0x1d c:/program files (x86)/cypress/psoc creator/4.2/psoc creator/import/gnu/arm/5.4.1/bin/../lib/gcc/arm-none-eabi/5.4.1/armv7-m/crti.o
 .ARM.attributes
                0x0000001d       0x2d c:/program files (x86)/cypress/psoc creator/4.2/psoc creator/import/gnu/arm/5.4.1/bin/../lib/gcc/arm-none-eabi/5.4.1/armv7-m/crtbegin.o
 .ARM.attributes
                0x0000004a       0x1b c:/program files (x86)/cypress/psoc creator/4.2/psoc creator/import/gnu/arm/5.4.1/bin/../lib/gcc/arm-none-eabi/5.4.1/../../../../arm-none-eabi/lib/armv7-m/crt0.o
 .ARM.attributes
                0x00000065       0x33 .\CortexM3\ARM_GCC_541\Debug\main.o
 .ARM.attributes
                0x00000098       0x33 .\CortexM3\ARM_GCC_541\Debug\FPS_Utils.o
 .ARM.attributes
                0x000000cb       0x33 .\CortexM3\ARM_GCC_541\Debug\GT521F32.o
 .ARM.attributes
                0x000000fe       0x33 .\CortexM3\ARM_GCC_541\Debug\utils.o
 .ARM.attributes
                0x00000131       0x33 .\CortexM3\ARM_GCC_541\Debug\cyfitter_cfg.o
 .ARM.attributes
                0x00000164       0x33 .\CortexM3\ARM_GCC_541\Debug\cymetadata.o
 .ARM.attributes
                0x00000197       0x33 .\CortexM3\ARM_GCC_541\Debug\Cm3Start.o
 .ARM.attributes
                0x000001ca       0x33 .\CortexM3\ARM_GCC_541\Debug\BioLock.a(UART.o)
 .ARM.attributes
                0x000001fd       0x33 .\CortexM3\ARM_GCC_541\Debug\BioLock.a(I2C.o)
 .ARM.attributes
                0x00000230       0x33 .\CortexM3\ARM_GCC_541\Debug\BioLock.a(I2C_INT.o)
 .ARM.attributes
                0x00000263       0x33 .\CortexM3\ARM_GCC_541\Debug\BioLock.a(I2C_PM.o)
 .ARM.attributes
                0x00000296       0x33 .\CortexM3\ARM_GCC_541\Debug\BioLock.a(I2C_MASTER.o)
 .ARM.attributes
                0x000002c9       0x33 .\CortexM3\ARM_GCC_541\Debug\BioLock.a(MotorCLK.o)
 .ARM.attributes
                0x000002fc       0x33 .\CortexM3\ARM_GCC_541\Debug\BioLock.a(MotorTimer.o)
 .ARM.attributes
                0x0000032f       0x33 .\CortexM3\ARM_GCC_541\Debug\BioLock.a(MotorISR.o)
 .ARM.attributes
                0x00000362       0x33 .\CortexM3\ARM_GCC_541\Debug\BioLock.a(ENCISR.o)
 .ARM.attributes
                0x00000395       0x33 .\CortexM3\ARM_GCC_541\Debug\BioLock.a(DebounceCLK.o)
 .ARM.attributes
                0x000003c8       0x33 .\CortexM3\ARM_GCC_541\Debug\BioLock.a(CycleISR.o)
 .ARM.attributes
                0x000003fb       0x33 .\CortexM3\ARM_GCC_541\Debug\BioLock.a(ConfirmISR.o)
 .ARM.attributes
                0x0000042e       0x33 .\CortexM3\ARM_GCC_541\Debug\BioLock.a(OverwriteISR.o)
 .ARM.attributes
                0x00000461       0x33 .\CortexM3\ARM_GCC_541\Debug\BioLock.a(ForwardISR.o)
 .ARM.attributes
                0x00000494       0x33 .\CortexM3\ARM_GCC_541\Debug\BioLock.a(BackISR.o)
 .ARM.attributes
                0x000004c7       0x33 .\CortexM3\ARM_GCC_541\Debug\BioLock.a(Solenoid.o)
 .ARM.attributes
                0x000004fa       0x33 .\CortexM3\ARM_GCC_541\Debug\BioLock.a(UART_IntClock.o)
 .ARM.attributes
                0x0000052d       0x33 .\CortexM3\ARM_GCC_541\Debug\BioLock.a(CyLib.o)
 .ARM.attributes
                0x00000560       0x33 .\CortexM3\ARM_GCC_541\Debug\BioLock.a(cyPm.o)
 .ARM.attributes
                0x00000593       0x33 .\CortexM3\ARM_GCC_541\Debug\BioLock.a(LCD_I2C_FUNCS.o)
 .ARM.attributes
                0x000005c6       0x33 .\CortexM3\ARM_GCC_541\Debug\BioLock.a(ICPCK_ISR.o)
 .ARM.attributes
                0x000005f9       0x33 .\CortexM3\ARM_GCC_541\Debug\BioLock.a(ICPCK.o)
 .ARM.attributes
                0x0000062c       0x21 .\CortexM3\ARM_GCC_541\Debug\BioLock.a(CyBootAsmGnu.o)
 .ARM.attributes
                0x0000064d       0x33 .\CortexM3\ARM_GCC_541\Debug\BioLock.a(Motor.o)
 .ARM.attributes
                0x00000680       0x33 .\CortexM3\ARM_GCC_541\Debug\BioLock.a(ENC.o)
 .ARM.attributes
                0x000006b3       0x33 .\CortexM3\ARM_GCC_541\Debug\BioLock.a(CyFlash.o)
 .ARM.attributes
                0x000006e6       0x33 .\CortexM3\ARM_GCC_541\Debug\BioLock.a(CySpc.o)
 .ARM.attributes
                0x00000719       0x33 .\CortexM3\ARM_GCC_541\Debug\BioLock.a(LCD_I2C_LL_I2C.o)
 .ARM.attributes
                0x0000074c       0x2d c:/program files (x86)/cypress/psoc creator/4.2/psoc creator/import/gnu/arm/5.4.1/bin/../lib/gcc/arm-none-eabi/5.4.1/../../../../arm-none-eabi/lib/armv7-m\libg_nano.a(lib_a-errno.o)
 .ARM.attributes
                0x00000779       0x2d c:/program files (x86)/cypress/psoc creator/4.2/psoc creator/import/gnu/arm/5.4.1/bin/../lib/gcc/arm-none-eabi/5.4.1/../../../../arm-none-eabi/lib/armv7-m\libg_nano.a(lib_a-exit.o)
 .ARM.attributes
                0x000007a6       0x2d c:/program files (x86)/cypress/psoc creator/4.2/psoc creator/import/gnu/arm/5.4.1/bin/../lib/gcc/arm-none-eabi/5.4.1/../../../../arm-none-eabi/lib/armv7-m\libg_nano.a(lib_a-impure.o)
 .ARM.attributes
                0x000007d3       0x2d c:/program files (x86)/cypress/psoc creator/4.2/psoc creator/import/gnu/arm/5.4.1/bin/../lib/gcc/arm-none-eabi/5.4.1/../../../../arm-none-eabi/lib/armv7-m\libg_nano.a(lib_a-init.o)
 .ARM.attributes
                0x00000800       0x2d c:/program files (x86)/cypress/psoc creator/4.2/psoc creator/import/gnu/arm/5.4.1/bin/../lib/gcc/arm-none-eabi/5.4.1/../../../../arm-none-eabi/lib/armv7-m\libg_nano.a(lib_a-memcpy-stub.o)
 .ARM.attributes
                0x0000082d       0x2d c:/program files (x86)/cypress/psoc creator/4.2/psoc creator/import/gnu/arm/5.4.1/bin/../lib/gcc/arm-none-eabi/5.4.1/../../../../arm-none-eabi/lib/armv7-m\libg_nano.a(lib_a-memset.o)
 .ARM.attributes
                0x0000085a       0x2d c:/program files (x86)/cypress/psoc creator/4.2/psoc creator/import/gnu/arm/5.4.1/bin/../lib/gcc/arm-none-eabi/5.4.1/../../../../arm-none-eabi/lib/armv7-m\libg_nano.a(lib_a-sprintf.o)
 .ARM.attributes
                0x00000887       0x1b c:/program files (x86)/cypress/psoc creator/4.2/psoc creator/import/gnu/arm/5.4.1/bin/../lib/gcc/arm-none-eabi/5.4.1/../../../../arm-none-eabi/lib/armv7-m\libg_nano.a(lib_a-strcmp.o)
 .ARM.attributes
                0x000008a2       0x2d c:/program files (x86)/cypress/psoc creator/4.2/psoc creator/import/gnu/arm/5.4.1/bin/../lib/gcc/arm-none-eabi/5.4.1/../../../../arm-none-eabi/lib/armv7-m\libg_nano.a(lib_a-nano-svfprintf.o)
 .ARM.attributes
                0x000008cf       0x2d c:/program files (x86)/cypress/psoc creator/4.2/psoc creator/import/gnu/arm/5.4.1/bin/../lib/gcc/arm-none-eabi/5.4.1/../../../../arm-none-eabi/lib/armv7-m\libg_nano.a(lib_a-nano-vfprintf_i.o)
 .ARM.attributes
                0x000008fc       0x2d c:/program files (x86)/cypress/psoc creator/4.2/psoc creator/import/gnu/arm/5.4.1/bin/../lib/gcc/arm-none-eabi/5.4.1/../../../../arm-none-eabi/lib/armv7-m\libg_nano.a(lib_a-memchr-stub.o)
 .ARM.attributes
                0x00000929       0x2d c:/program files (x86)/cypress/psoc creator/4.2/psoc creator/import/gnu/arm/5.4.1/bin/../lib/gcc/arm-none-eabi/5.4.1/../../../../arm-none-eabi/lib/armv7-m\libg_nano.a(lib_a-memmove.o)
 .ARM.attributes
                0x00000956       0x2d c:/program files (x86)/cypress/psoc creator/4.2/psoc creator/import/gnu/arm/5.4.1/bin/../lib/gcc/arm-none-eabi/5.4.1/../../../../arm-none-eabi/lib/armv7-m\libg_nano.a(lib_a-nano-freer.o)
 .ARM.attributes
                0x00000983       0x2d c:/program files (x86)/cypress/psoc creator/4.2/psoc creator/import/gnu/arm/5.4.1/bin/../lib/gcc/arm-none-eabi/5.4.1/../../../../arm-none-eabi/lib/armv7-m\libg_nano.a(lib_a-nano-mallocr.o)
 .ARM.attributes
                0x000009b0       0x2d c:/program files (x86)/cypress/psoc creator/4.2/psoc creator/import/gnu/arm/5.4.1/bin/../lib/gcc/arm-none-eabi/5.4.1/../../../../arm-none-eabi/lib/armv7-m\libg_nano.a(lib_a-nano-reallocr.o)
 .ARM.attributes
                0x000009dd       0x2d c:/program files (x86)/cypress/psoc creator/4.2/psoc creator/import/gnu/arm/5.4.1/bin/../lib/gcc/arm-none-eabi/5.4.1/../../../../arm-none-eabi/lib/armv7-m\libg_nano.a(lib_a-sbrkr.o)
 .ARM.attributes
                0x00000a0a       0x2d c:/program files (x86)/cypress/psoc creator/4.2/psoc creator/import/gnu/arm/5.4.1/bin/../lib/gcc/arm-none-eabi/5.4.1/../../../../arm-none-eabi/lib/armv7-m\libg_nano.a(lib_a-mlock.o)
 .ARM.attributes
                0x00000a37       0x2d c:/program files (x86)/cypress/psoc creator/4.2/psoc creator/import/gnu/arm/5.4.1/bin/../lib/gcc/arm-none-eabi/5.4.1/../../../../arm-none-eabi/lib/armv7-m\libg_nano.a(lib_a-nano-msizer.o)
 .ARM.attributes
                0x00000a64       0x2d c:/program files (x86)/cypress/psoc creator/4.2/psoc creator/import/gnu/arm/5.4.1/bin/../lib/gcc/arm-none-eabi/5.4.1/../../../../arm-none-eabi/lib/armv7-m\libg_nano.a(lib_a-reent.o)
 .ARM.attributes
                0x00000a91       0x2d c:/program files (x86)/cypress/psoc creator/4.2/psoc creator/import/gnu/arm/5.4.1/bin/../lib/gcc/arm-none-eabi/5.4.1/armv7-m/crtend.o
 .ARM.attributes
                0x00000abe       0x1d c:/program files (x86)/cypress/psoc creator/4.2/psoc creator/import/gnu/arm/5.4.1/bin/../lib/gcc/arm-none-eabi/5.4.1/armv7-m/crtn.o

/DISCARD/
 *(.note.GNU-stack)
OUTPUT(E:\SP21\ECE405\BioLock\BioLock.cydsn\CortexM3\ARM_GCC_541\Debug\BioLock.elf elf32-littlearm)
